ARM Linker, 5.02 [Build 28] [MDK-ARM Standard]

==============================================================================

Section Cross References

    stm32f10x_gpio.o(.text) refers to stm32f10x_rcc.o(.text) for RCC_APB2PeriphResetCmd
    stm32f10x_rcc.o(.text) refers to stm32f10x_rcc.o(.data) for APBAHBPrescTable
    stm32f10x_usart.o(.text) refers to stm32f10x_rcc.o(.text) for RCC_APB2PeriphResetCmd
    stm32f10x_spi.o(.text) refers to stm32f10x_rcc.o(.text) for RCC_APB2PeriphResetCmd
    stm32f10x_tim.o(.text) refers to stm32f10x_rcc.o(.text) for RCC_APB2PeriphResetCmd
    stm32f10x_adc.o(.text) refers to stm32f10x_rcc.o(.text) for RCC_APB2PeriphResetCmd
    stm32f10x_bkp.o(.text) refers to stm32f10x_rcc.o(.text) for RCC_BackupResetCmd
    stm32f10x_can.o(.text) refers to stm32f10x_rcc.o(.text) for RCC_APB1PeriphResetCmd
    stm32f10x_cec.o(.text) refers to stm32f10x_rcc.o(.text) for RCC_APB1PeriphResetCmd
    stm32f10x_dac.o(.text) refers to stm32f10x_rcc.o(.text) for RCC_APB1PeriphResetCmd
    stm32f10x_i2c.o(.text) refers to stm32f10x_rcc.o(.text) for RCC_APB1PeriphResetCmd
    stm32f10x_pwr.o(.text) refers to stm32f10x_rcc.o(.text) for RCC_APB1PeriphResetCmd
    stm32f10x_wwdg.o(.text) refers to stm32f10x_rcc.o(.text) for RCC_APB1PeriphResetCmd
    startup_stm32f10x_hd.o(STACK) refers (Special) to heapauxi.o(.text) for __use_two_region_memory
    startup_stm32f10x_hd.o(HEAP) refers (Special) to heapauxi.o(.text) for __use_two_region_memory
    startup_stm32f10x_hd.o(RESET) refers (Special) to heapauxi.o(.text) for __use_two_region_memory
    startup_stm32f10x_hd.o(RESET) refers to startup_stm32f10x_hd.o(STACK) for __initial_sp
    startup_stm32f10x_hd.o(RESET) refers to startup_stm32f10x_hd.o(.text) for Reset_Handler
    startup_stm32f10x_hd.o(RESET) refers to stm32f10x_it.o(.text) for NMI_Handler
    startup_stm32f10x_hd.o(RESET) refers to can.o(.text) for USB_LP_CAN1_RX0_IRQHandler
    startup_stm32f10x_hd.o(RESET) refers to timer.o(.text) for TIM1_UP_IRQHandler
    startup_stm32f10x_hd.o(RESET) refers to usart.o(.text) for USART1_IRQHandler
    startup_stm32f10x_hd.o(.text) refers (Special) to heapauxi.o(.text) for __use_two_region_memory
    startup_stm32f10x_hd.o(.text) refers to system_stm32f10x.o(.text) for SystemInit
    startup_stm32f10x_hd.o(.text) refers to __main.o(!!!main) for __main
    startup_stm32f10x_hd.o(.text) refers to startup_stm32f10x_hd.o(HEAP) for Heap_Mem
    startup_stm32f10x_hd.o(.text) refers to startup_stm32f10x_hd.o(STACK) for Stack_Mem
    main.o(.text) refers to bq769xx.o(.text) for BQ769xx_Oper_Comm
    main.o(.text) refers to taskfun.o(.text) for Sys_Function_Pro
    main.o(.text) refers to key.o(.text) for Key_Can
    main.o(.text) refers to led.o(.text) for Led_Run_Cpu
    main.o(.text) refers to usart.o(.text) for Uart1Run_Pack
    main.o(.text) refers to candata.o(.text) for Can_Read_Data
    main.o(.text) refers to stm32f10x_rcc.o(.text) for RCC_APB2PeriphClockCmd
    main.o(.text) refers to stm32f10x_gpio.o(.text) for GPIO_PinRemapConfig
    main.o(.text) refers to sys.o(.text) for NVIC_Configuration
    main.o(.text) refers to gpio.o(.text) for Init_GPIO_SYS_Power
    main.o(.text) refers to configpara.o(.text) for System_Pare_Get
    main.o(.text) refers to can.o(.text) for CAN1_Init
    main.o(.text) refers to timer.o(.text) for Tim1_Init
    main.o(.text) refers to delay.o(.text) for delay_init
    main.o(.text) refers to queue_msg.o(.text) for queue_msg_init
    main.o(.text) refers to stm32f10x_flash.o(.text) for FLASH_Unlock
    system_stm32f10x.o(.text) refers to system_stm32f10x.o(.data) for SystemCoreClock
    taskfun.o(.text) refers to gpio.o(.text) for ChargeActiva_Read_Gpio
    taskfun.o(.text) refers to main.o(.bss) for TaskTimePare
    taskfun.o(.text) refers to database.o(.bss) for gBMSData
    taskfun.o(.text) refers to taskfun.o(.data) for slee_info_cnt
    led.o(.text) refers to stm32f10x_gpio.o(.text) for GPIO_ResetBits
    led.o(.text) refers to main.o(.bss) for TaskTimePare
    led.o(.text) refers to led.o(.data) for FANflag
    led.o(.text) refers to database.o(.bss) for gBMSData
    bq769xx.o(.text) refers to delay.o(.text) for delay_ms
    bq769xx.o(.text) refers to iic.o(.text) for IIC_ReadByte
    bq769xx.o(.text) refers to rt_memclr_w.o(.text) for __aeabi_memclr4
    bq769xx.o(.text) refers to rt_memcpy_v6.o(.text) for __aeabi_memcpy
    bq769xx.o(.text) refers to database.o(.bss) for gBMSData
    bq769xx.o(.text) refers to configpara.o(.bss) for gBMSConfig
    bq769xx.o(.text) refers to bq769xx.o(.bss) for Bq769xxReg
    bq769xx.o(.text) refers to bq769xx.o(.data) for VoltCellGainUV
    bq769xx.o(.text) refers to main.o(.bss) for TaskTimePare
    bq769xx.o(.text) refers to adc.o(.text) for TemChange
    bq769xx.o(.text) refers to rs485data.o(.data) for Bq769xx_Oper_EN
    configpara.o(.text) refers to flash.o(.text) for STMFLASH_Write
[...]
    ..\Libraries\STM32F10x_StdPeriph_Driver\src\stm32f10x_spi.c 0x00000000   Number         0  stm32f10x_spi.o ABSOLUTE
    ..\Libraries\STM32F10x_StdPeriph_Driver\src\stm32f10x_tim.c 0x00000000   Number         0  stm32f10x_tim.o ABSOLUTE
    ..\Libraries\STM32F10x_StdPeriph_Driver\src\stm32f10x_usart.c 0x00000000   Number         0  stm32f10x_usart.o ABSOLUTE
    ..\Libraries\STM32F10x_StdPeriph_Driver\src\stm32f10x_wwdg.c 0x00000000   Number         0  stm32f10x_wwdg.o ABSOLUTE
    ..\\Libraries\\CMSIS\\CM3\\CoreSupport\\core_cm3.c 0x00000000   Number         0  core_cm3.o ABSOLUTE
    dc.s                                     0x00000000   Number         0  dc.o ABSOLUTE
    main.c                                   0x00000000   Number         0  main.o ABSOLUTE
    stm32f10x_it.c                           0x00000000   Number         0  stm32f10x_it.o ABSOLUTE
    system_stm32f10x.c                       0x00000000   Number         0  system_stm32f10x.o ABSOLUTE
    RESET                                    0x08000000   Section      304  startup_stm32f10x_hd.o(RESET)
    !!!main                                  0x08000130   Section        8  __main.o(!!!main)
    !!!scatter                               0x08000138   Section       52  __scatter.o(!!!scatter)
    !!handler_copy                           0x0800016c   Section       26  __scatter_copy.o(!!handler_copy)
    !!handler_zi                             0x08000188   Section       28  __scatter_zi.o(!!handler_zi)
    .ARM.Collect$$libinit$$00000000          0x080001a4   Section        2  libinit.o(.ARM.Collect$$libinit$$00000000)
    .ARM.Collect$$libinit$$00000002          0x080001a6   Section        0  libinit2.o(.ARM.Collect$$libinit$$00000002)
    .ARM.Collect$$libinit$$00000008          0x080001a6   Section        0  libinit2.o(.ARM.Collect$$libinit$$00000008)
    .ARM.Collect$$libinit$$0000000A          0x080001a6   Section        0  libinit2.o(.ARM.Collect$$libinit$$0000000A)
    .ARM.Collect$$libinit$$0000000C          0x080001a6   Section        0  libinit2.o(.ARM.Collect$$libinit$$0000000C)
    .ARM.Collect$$libinit$$0000000F          0x080001a6   Section        0  libinit2.o(.ARM.Collect$$libinit$$0000000F)
    .ARM.Collect$$libinit$$00000011          0x080001a6   Section        0  libinit2.o(.ARM.Collect$$libinit$$00000011)
    .ARM.Collect$$libinit$$00000013          0x080001a6   Section        0  libinit2.o(.ARM.Collect$$libinit$$00000013)
    .ARM.Collect$$libinit$$00000015          0x080001a6   Section        0  libinit2.o(.ARM.Collect$$libinit$$00000015)
    .ARM.Collect$$libinit$$00000017          0x080001a6   Section        0  libinit2.o(.ARM.Collect$$libinit$$00000017)
    .ARM.Collect$$libinit$$00000019          0x080001a6   Section        0  libinit2.o(.ARM.Collect$$libinit$$00000019)
    .ARM.Collect$$libinit$$0000001B          0x080001a6   Section        0  libinit2.o(.ARM.Collect$$libinit$$0000001B)
    .ARM.Collect$$libinit$$0000001D          0x080001a6   Section        0  libinit2.o(.ARM.Collect$$libinit$$0000001D)
    .ARM.Collect$$libinit$$0000001F          0x080001a6   Section        0  libinit2.o(.ARM.Collect$$libinit$$0000001F)
    .ARM.Collect$$libinit$$00000021          0x080001a6   Section        0  libinit2.o(.ARM.Collect$$libinit$$00000021)
    .ARM.Collect$$libinit$$00000023          0x080001a6   Section        0  libinit2.o(.ARM.Collect$$libinit$$00000023)
    .ARM.Collect$$libinit$$0000002A          0x080001a6   Section        0  libinit2.o(.ARM.Collect$$libinit$$0000002A)
    .ARM.Collect$$libinit$$0000002C          0x080001a6   Section        0  libinit2.o(.ARM.Collect$$libinit$$0000002C)
    .ARM.Collect$$libinit$$0000002E          0x080001a6   Section        0  libinit2.o(.ARM.Collect$$libinit$$0000002E)
    .ARM.Collect$$libinit$$00000030          0x080001a6   Section        0  libinit2.o(.ARM.Collect$$libinit$$00000030)
    .ARM.Collect$$libinit$$00000031          0x080001a6   Section        2  libinit2.o(.ARM.Collect$$libinit$$00000031)
    .ARM.Collect$$libshutdown$$00000000      0x080001a8   Section        2  libshutdown.o(.ARM.Collect$$libshutdown$$00000000)
    .ARM.Collect$$libshutdown$$00000003      0x080001aa   Section        0  libshutdown2.o(.ARM.Collect$$libshutdown$$00000003)
    .ARM.Collect$$libshutdown$$00000006      0x080001aa   Section        0  libshutdown2.o(.ARM.Collect$$libshutdown$$00000006)
    .ARM.Collect$$libshutdown$$00000009      0x080001aa   Section        0  libshutdown2.o(.ARM.Collect$$libshutdown$$00000009)
    .ARM.Collect$$libshutdown$$0000000B      0x080001aa   Section        0  libshutdown2.o(.ARM.Collect$$libshutdown$$0000000B)
    .ARM.Collect$$libshutdown$$0000000E      0x080001aa   Section        0  libshutdown2.o(.ARM.Collect$$libshutdown$$0000000E)
    .ARM.Collect$$libshutdown$$0000000F      0x080001aa   Section        2  libshutdown2.o(.ARM.Collect$$libshutdown$$0000000F)
    .ARM.Collect$$rtentry$$00000000          0x080001ac   Section        0  rtentry.o(.ARM.Collect$$rtentry$$00000000)
    .ARM.Collect$$rtentry$$00000002          0x080001ac   Section        0  rtentry2.o(.ARM.Collect$$rtentry$$00000002)
    .ARM.Collect$$rtentry$$00000004          0x080001ac   Section        6  rtentry4.o(.ARM.Collect$$rtentry$$00000004)
    .ARM.Collect$$rtentry$$00000009          0x080001b2   Section        0  rtentry2.o(.ARM.Collect$$rtentry$$00000009)
    .ARM.Collect$$rtentry$$0000000A          0x080001b2   Section        4  rtentry2.o(.ARM.Collect$$rtentry$$0000000A)
    .ARM.Collect$$rtentry$$0000000C          0x080001b6   Section        0  rtentry2.o(.ARM.Collect$$rtentry$$0000000C)
    .ARM.Collect$$rtentry$$0000000D          0x080001b6   Section        8  rtentry2.o(.ARM.Collect$$rtentry$$0000000D)
    .ARM.Collect$$rtexit$$00000000           0x080001be   Section        2  rtexit.o(.ARM.Collect$$rtexit$$00000000)
    .ARM.Collect$$rtexit$$00000002           0x080001c0   Section        0  rtexit2.o(.ARM.Collect$$rtexit$$00000002)
    .ARM.Collect$$rtexit$$00000003           0x080001c0   Section        4  rtexit2.o(.ARM.Collect$$rtexit$$00000003)
    .ARM.Collect$$rtexit$$00000004           0x080001c4   Section        6  rtexit2.o(.ARM.Collect$$rtexit$$00000004)
    .text                                    0x080001cc   Section        0  misc.o(.text)
    .text                                    0x080002a8   Section        0  stm32f10x_gpio.o(.text)
    .text                                    0x08000600   Section        0  stm32f10x_rcc.o(.text)
    .text                                    0x0800099c   Section        0  stm32f10x_usart.o(.text)
    .text                                    0x08000da4   Section        0  stm32f10x_tim.o(.text)
    TI4_Config                               0x0800124b   Thumb Code   130  stm32f10x_tim.o(.text)
    TI3_Config                               0x080012df   Thumb Code   122  stm32f10x_tim.o(.text)
    TI2_Config                               0x08001373   Thumb Code   130  stm32f10x_tim.o(.text)
    TI1_Config                               0x08001407   Thumb Code   108  stm32f10x_tim.o(.text)
    .text                                    0x08001bc0   Section        0  stm32f10x_adc.o(.text)
    .text                                    0x08001ffc   Section        0  stm32f10x_can.o(.text)
    CheckITStatus                            0x080027ff   Thumb Code    16  stm32f10x_can.o(.text)
    .text                                    0x080029e8   Section        0  stm32f10x_dma.o(.text)
    .text                                    0x08002c38   Section        0  stm32f10x_flash.o(.text)
    .text                                    0x080031ec   Section       64  startup_stm32f10x_hd.o(.text)
    .text                                    0x0800322c   Section        0  main.o(.text)
    .text                                    0x08003328   Section        0  stm32f10x_it.o(.text)
    .text                                    0x08003340   Section        0  system_stm32f10x.o(.text)
    SetSysClockTo72                          0x08003341   Thumb Code   192  system_stm32f10x.o(.text)
    SetSysClock                              0x08003401   Thumb Code     8  system_stm32f10x.o(.text)
    .text                                    0x08003508   Section        0  taskfun.o(.text)
    Sys_Mode_Charge                          0x08003509   Thumb Code   134  taskfun.o(.text)
    .text                                    0x080035b4   Section        0  led.o(.text)
    .text                                    0x08003774   Section        0  bq769xx.o(.text)
    .text                                    0x080042cc   Section        0  configpara.o(.text)
    .text                                    0x080043e4   Section        0  candata.o(.text)
    PostMsg_Comm_Pro                         0x080044ad   Thumb Code   108  candata.o(.text)
    PostMsg_BQ769xxConfig                    0x08004519   Thumb Code   262  candata.o(.text)
    PostMsg_BMS                              0x0800461f   Thumb Code   322  candata.o(.text)
    PostMsg_GainOffset                       0x08004761   Thumb Code   192  candata.o(.text)
    bms_recvmsg_pc                           0x08004821   Thumb Code   114  candata.o(.text)
    Can_Read_handle_msg                      0x08004893   Thumb Code    62  candata.o(.text)
    .text                                    0x08004940   Section        0  rs485data.o(.text)
    PcComm_Pro                               0x0800496d   Thumb Code   116  rs485data.o(.text)
    Rs485_Rec_PCdata                         0x08004b41   Thumb Code    70  rs485data.o(.text)
    .text                                    0x08004be0   Section        0  queue_msg.o(.text)
    .text                                    0x08004ecc   Section        0  key.o(.text)
    .text                                    0x08004f6c   Section        0  delay.o(.text)
    .text                                    0x0800503c   Section        0  flash.o(.text)
    .text                                    0x080050ac   Section        0  gpio.o(.text)
    .text                                    0x080053e4   Section        0  iic.o(.text)
    .text                                    0x08005986   Section        0  sys.o(.text)
    .text                                    0x08005994   Section        0  timer.o(.text)
    .text                                    0x08005b08   Section        0  usart.o(.text)
    .text                                    0x080062dc   Section        0  can.o(.text)
    CAN1_Baud_Switch                         0x080062dd   Thumb Code   118  can.o(.text)
    Can_Convert_Data                         0x08006429   Thumb Code    62  can.o(.text)
    .text                                    0x08006564   Section        0  adc.o(.text)
    .text                                    0x080067c0   Section      138  rt_memcpy_v6.o(.text)
    .text                                    0x0800684a   Section      100  rt_memcpy_w.o(.text)
    .text                                    0x080068ae   Section       78  rt_memclr_w.o(.text)
    .text                                    0x080068fc   Section        0  heapauxi.o(.text)
    .text                                    0x08006902   Section       74  sys_stackheap_outer.o(.text)
    .text                                    0x0800694c   Section        0  exit.o(.text)
    .text                                    0x08006958   Section        8  libspace.o(.text)
    .text                                    0x08006960   Section        0  sys_exit.o(.text)
    .text                                    0x0800696c   Section        2  use_no_semi.o(.text)
    .text                                    0x0800696e   Section        0  indicate_semi.o(.text)
    .constdata                               0x08006970   Section      124  adc.o(.constdata)
    TemD                                     0x08006970   Data         124  adc.o(.constdata)
    .data                                    0x20000000   Section       20  stm32f10x_rcc.o(.data)
    APBAHBPrescTable                         0x20000000   Data          16  stm32f10x_rcc.o(.data)
    ADCPrescTable                            0x20000010   Data           4  stm32f10x_rcc.o(.data)
    .data                                    0x20000014   Section       20  system_stm32f10x.o(.data)
    .data                                    0x20000028   Section        3  taskfun.o(.data)
    slee_info_cnt                            0x20000028   Data           2  taskfun.o(.data)
    .data                                    0x2000002b   Section        1  led.o(.data)
    FANflag                                  0x2000002b   Data           1  led.o(.data)
    .data                                    0x2000002c   Section       21  bq769xx.o(.data)
    stup_balan                               0x20000037   Data           1  bq769xx.o(.data)
    voltcellbalanum                          0x20000038   Data           1  bq769xx.o(.data)
    balangroupcount                          0x20000039   Data           1  bq769xx.o(.data)
    balangroup_max                           0x2000003a   Data           1  bq769xx.o(.data)
    balantimecnt100ms                        0x2000003c   Data           2  bq769xx.o(.data)
    balac_time_value                         0x2000003e   Data           1  bq769xx.o(.data)
    balac_sing_leng                          0x2000003f   Data           1  bq769xx.o(.data)
    balac_map_star                           0x20000040   Data           1  bq769xx.o(.data)
    .data                                    0x20000041   Section        2  rs485data.o(.data)
    .data                                    0x20000044   Section       12  queue_msg.o(.data)
    can01_writepos                           0x20000044   Data           2  queue_msg.o(.data)
    can01_readpos                            0x20000046   Data           2  queue_msg.o(.data)
    can02_writepos                           0x20000048   Data           2  queue_msg.o(.data)
    can02_readpos                            0x2000004a   Data           2  queue_msg.o(.data)
    can03_writepos                           0x2000004c   Data           2  queue_msg.o(.data)
    can03_readpos                            0x2000004e   Data           2  queue_msg.o(.data)
    .data                                    0x20000050   Section        4  delay.o(.data)
    fac_us                                   0x20000050   Data           1  delay.o(.data)
    fac_ms                                   0x20000052   Data           2  delay.o(.data)
    .data                                    0x20000054   Section       22  usart.o(.data)
    RBUp1                                    0x20000054   Data           1  usart.o(.data)
    RBDown1                                  0x20000055   Data           1  usart.o(.data)
    Uart1ACC                                 0x20000056   Data           1  usart.o(.data)
    Uart1CntR                                0x20000057   Data           1  usart.o(.data)
    Uart1CntTT                               0x20000058   Data           1  usart.o(.data)
    Uart1Stt                                 0x20000059   Data           1  usart.o(.data)
    Uart1_State                              0x2000005a   Data           1  usart.o(.data)
    Uart1ErrCountTime                        0x2000005c   Data           2  usart.o(.data)
    RBUp2                                    0x2000005e   Data           1  usart.o(.data)
    RBDown2                                  0x2000005f   Data           1  usart.o(.data)
    Uart2ACC                                 0x20000060   Data           1  usart.o(.data)
    Uart2CntR                                0x20000061   Data           1  usart.o(.data)
    Uart2CntTT                               0x20000062   Data           1  usart.o(.data)
    Uart2Stt                                 0x20000063   Data           1  usart.o(.data)
    Uart2_State                              0x20000064   Data           1  usart.o(.data)
    Uart2ErrCountTime                        0x20000066   Data           2  usart.o(.data)
    i                                        0x20000068   Data           1  usart.o(.data)
    CRCnum                                   0x20000069   Data           1  usart.o(.data)
    .data                                    0x2000006a   Section        6  can.o(.data)
    .data                                    0x20000070   Section        1  adc.o(.data)
    TemNA                                    0x20000070   Data           1  adc.o(.data)
    .bss                                     0x20000074   Section       14  main.o(.bss)
    .bss                                     0x20000084   Section      164  database.o(.bss)
    .bss                                     0x20000128   Section       72  bq769xx.o(.bss)
    voltcellbalanmap                         0x20000128   Data          15  bq769xx.o(.bss)
    .bss                                     0x20000170   Section       96  configpara.o(.bss)
    .bss                                     0x200001d0   Section     1536  queue_msg.o(.bss)
    queue_can01_buf                          0x200001d0   Data         512  queue_msg.o(.bss)
    queue_can02_buf                          0x200003d0   Data         512  queue_msg.o(.bss)
    queue_can03_buf                          0x200005d0   Data         512  queue_msg.o(.bss)
    .bss                                     0x200007d0   Section       18  key.o(.bss)
    .bss                                     0x200007e2   Section     1275  usart.o(.bss)
    Uart1Recv                                0x200007e2   Data         255  usart.o(.bss)
    Uart1RecvBuf                             0x200008e1   Data         255  usart.o(.bss)
    Uart2Recv                                0x200009e0   Data         255  usart.o(.bss)
    Uart2RecvBuf                             0x20000adf   Data         255  usart.o(.bss)
    SendData                                 0x20000bde   Data         255  usart.o(.bss)
    .bss                                     0x20000ce0   Section       20  can.o(.bss)
    .bss                                     0x20000cf4   Section       10  adc.o(.bss)
    ADC_ConvertedValue                       0x20000cf4   Data          10  adc.o(.bss)
    .bss                                     0x20000d00   Section       96  libspace.o(.bss)
    HEAP                                     0x20000d60   Section      512  startup_stm32f10x_hd.o(HEAP)
    Heap_Mem                                 0x20000d60   Data         512  startup_stm32f10x_hd.o(HEAP)
    STACK                                    0x20000f60   Section     1024  startup_stm32f10x_hd.o(STACK)
    Stack_Mem                                0x20000f60   Data        1024  startup_stm32f10x_hd.o(STACK)
    __initial_sp                             0x20001360   Data           0  startup_stm32f10x_hd.o(STACK)

    Global Symbols

    Symbol Name                              Value     Ov Type        Size  Object(Section)

    BuildAttributes$$THM_ISAv4$P$D$K$B$S$PE$A:L22UL41UL21$X:L11$S22US41US21$IEEE1$IW$USESV6$~STKCKD$USESV7$~SHL$OSPACE$ROPI$EBA8$UX$STANDARDLIB$REQ8$PRES8$EABIv2 0x00000000   Number         0  anon$$obj.o ABSOLUTE
    __ARM_use_no_argv                        0x00000000   Number         0  main.o ABSOLUTE
    __ARM_exceptions_init                     - Undefined Weak Reference
    __alloca_initialize                       - Undefined Weak Reference
    __cpp_initialize__aeabi_                  - Undefined Weak Reference
    __cxa_finalize                            - Undefined Weak Reference
    __rt_locale                               - Undefined Weak Reference
    __sigvec_lookup                           - Undefined Weak Reference
    _atexit_init                              - Undefined Weak Reference
    _call_atexit_fns                          - Undefined Weak Reference
    _clock_init                               - Undefined Weak Reference
    _fp_trap_init                             - Undefined Weak Reference
    _fp_trap_shutdown                         - Undefined Weak Reference
    _get_lc_collate                           - Undefined Weak Reference
    _get_lc_ctype                             - Undefined Weak Reference
    _get_lc_monetary                          - Undefined Weak Reference
    _get_lc_numeric                           - Undefined Weak Reference
    _get_lc_time                              - Undefined Weak Reference
    _getenv_init                              - Undefined Weak Reference
    _handle_redirection                       - Undefined Weak Reference
    _init_alloc                               - Undefined Weak Reference
    _init_user_alloc                          - Undefined Weak Reference
    _initio                                   - Undefined Weak Reference
    _rand_init                                - Undefined Weak Reference
    _signal_finish                            - Undefined Weak Reference
    _signal_init                              - Undefined Weak Reference
    _terminate_alloc                          - Undefined Weak Reference
    _terminate_user_alloc                     - Undefined Weak Reference
    _terminateio                              - Undefined Weak Reference
    __Vectors_Size                           0x00000130   Number         0  startup_stm32f10x_hd.o ABSOLUTE
    __Vectors                                0x08000000   Data           4  startup_stm32f10x_hd.o(RESET)
    __Vectors_End                            0x08000130   Data           0  startup_stm32f10x_hd.o(RESET)
    __main                                   0x08000131   Thumb Code     8  __main.o(!!!main)
    __scatterload                            0x08000139   Thumb Code     0  __scatter.o(!!!scatter)
    __scatterload_rt2                        0x08000139   Thumb Code    44  __scatter.o(!!!scatter)
    __scatterload_rt2_thumb_only             0x08000139   Thumb Code     0  __scatter.o(!!!scatter)
    __scatterload_null                       0x08000147   Thumb Code     0  __scatter.o(!!!scatter)
    __scatterload_copy                       0x0800016d   Thumb Code    26  __scatter_copy.o(!!handler_copy)
    __scatterload_zeroinit                   0x08000189   Thumb Code    28  __scatter_zi.o(!!handler_zi)
    __rt_lib_init                            0x080001a5   Thumb Code     0  libinit.o(.ARM.Collect$$libinit$$00000000)
    __rt_lib_init_alloca_1                   0x080001a7   Thumb Code     0  libinit2.o(.ARM.Collect$$libinit$$0000002C)
    __rt_lib_init_argv_1                     0x080001a7   Thumb Code     0  libinit2.o(.ARM.Collect$$libinit$$0000002A)
    __rt_lib_init_atexit_1                   0x080001a7   Thumb Code     0  libinit2.o(.ARM.Collect$$libinit$$00000019)
    __rt_lib_init_clock_1                    0x080001a7   Thumb Code     0  libinit2.o(.ARM.Collect$$libinit$$0000001F)
    __rt_lib_init_cpp_1                      0x080001a7   Thumb Code     0  libinit2.o(.ARM.Collect$$libinit$$00000030)
    __rt_lib_init_exceptions_1               0x080001a7   Thumb Code     0  libinit2.o(.ARM.Collect$$libinit$$0000002E)
    __rt_lib_init_fp_1                       0x080001a7   Thumb Code     0  libinit2.o(.ARM.Collect$$libinit$$00000002)
    __rt_lib_init_fp_trap_1                  0x080001a7   Thumb Code     0  libinit2.o(.ARM.Collect$$libinit$$0000001D)
    __rt_lib_init_getenv_1                   0x080001a7   Thumb Code     0  libinit2.o(.ARM.Collect$$libinit$$00000021)
    __rt_lib_init_heap_1                     0x080001a7   Thumb Code     0  libinit2.o(.ARM.Collect$$libinit$$00000008)
    __rt_lib_init_lc_collate_1               0x080001a7   Thumb Code     0  libinit2.o(.ARM.Collect$$libinit$$0000000F)
    __rt_lib_init_lc_ctype_1                 0x080001a7   Thumb Code     0  libinit2.o(.ARM.Collect$$libinit$$00000011)
    __rt_lib_init_lc_monetary_1              0x080001a7   Thumb Code     0  libinit2.o(.ARM.Collect$$libinit$$00000013)
    __rt_lib_init_lc_numeric_1               0x080001a7   Thumb Code     0  libinit2.o(.ARM.Collect$$libinit$$00000015)
    __rt_lib_init_lc_time_1                  0x080001a7   Thumb Code     0  libinit2.o(.ARM.Collect$$libinit$$00000017)
    __rt_lib_init_rand_1                     0x080001a7   Thumb Code     0  libinit2.o(.ARM.Collect$$libinit$$0000000C)
    __rt_lib_init_return                     0x080001a7   Thumb Code     0  libinit2.o(.ARM.Collect$$libinit$$00000031)
    __rt_lib_init_signal_1                   0x080001a7   Thumb Code     0  libinit2.o(.ARM.Collect$$libinit$$0000001B)
    __rt_lib_init_stdio_1                    0x080001a7   Thumb Code     0  libinit2.o(.ARM.Collect$$libinit$$00000023)
    __rt_lib_init_user_alloc_1               0x080001a7   Thumb Code     0  libinit2.o(.ARM.Collect$$libinit$$0000000A)
    __rt_lib_shutdown                        0x080001a9   Thumb Code     0  libshutdown.o(.ARM.Collect$$libshutdown$$00000000)
    __rt_lib_shutdown_fp_trap_1              0x080001ab   Thumb Code     0  libshutdown2.o(.ARM.Collect$$libshutdown$$00000006)
    __rt_lib_shutdown_heap_1                 0x080001ab   Thumb Code     0  libshutdown2.o(.ARM.Collect$$libshutdown$$0000000E)
    __rt_lib_shutdown_return                 0x080001ab   Thumb Code     0  libshutdown2.o(.ARM.Collect$$libshutdown$$0000000F)
    __rt_lib_shutdown_signal_1               0x080001ab   Thumb Code     0  libshutdown2.o(.ARM.Collect$$libshutdown$$00000009)
    __rt_lib_shutdown_stdio_1                0x080001ab   Thumb Code     0  libshutdown2.o(.ARM.Collect$$libshutdown$$00000003)
    __rt_lib_shutdown_user_alloc_1           0x080001ab   Thumb Code     0  libshutdown2.o(.ARM.Collect$$libshutdown$$0000000B)
    __rt_entry                               0x080001ad   Thumb Code     0  rtentry.o(.ARM.Collect$$rtentry$$00000000)
    __rt_entry_presh_1                       0x080001ad   Thumb Code     0  rtentry2.o(.ARM.Collect$$rtentry$$00000002)
    __rt_entry_sh                            0x080001ad   Thumb Code     0  rtentry4.o(.ARM.Collect$$rtentry$$00000004)
    __rt_entry_li                            0x080001b3   Thumb Code     0  rtentry2.o(.ARM.Collect$$rtentry$$0000000A)
    __rt_entry_postsh_1                      0x080001b3   Thumb Code     0  rtentry2.o(.ARM.Collect$$rtentry$$00000009)
    __rt_entry_main                          0x080001b7   Thumb Code     0  rtentry2.o(.ARM.Collect$$rtentry$$0000000D)
    __rt_entry_postli_1                      0x080001b7   Thumb Code     0  rtentry2.o(.ARM.Collect$$rtentry$$0000000C)
    __rt_exit                                0x080001bf   Thumb Code     0  rtexit.o(.ARM.Collect$$rtexit$$00000000)
    __rt_exit_ls                             0x080001c1   Thumb Code     0  rtexit2.o(.ARM.Collect$$rtexit$$00000003)
    __rt_exit_prels_1                        0x080001c1   Thumb Code     0  rtexit2.o(.ARM.Collect$$rtexit$$00000002)
    __rt_exit_exit                           0x080001c5   Thumb Code     0  rtexit2.o(.ARM.Collect$$rtexit$$00000004)
    NVIC_PriorityGroupConfig                 0x080001cd   Thumb Code    10  misc.o(.text)
    NVIC_Init                                0x080001d7   Thumb Code   102  misc.o(.text)
    NVIC_SetVectorTable                      0x0800023d   Thumb Code    14  misc.o(.text)
    NVIC_SystemLPConfig                      0x0800024b   Thumb Code    34  misc.o(.text)
    SysTick_CLKSourceConfig                  0x0800026d   Thumb Code    40  misc.o(.text)
    GPIO_DeInit                              0x080002a9   Thumb Code   172  stm32f10x_gpio.o(.text)
    GPIO_AFIODeInit                          0x08000355   Thumb Code    20  stm32f10x_gpio.o(.text)
    GPIO_Init                                0x08000369   Thumb Code   274  stm32f10x_gpio.o(.text)
    GPIO_StructInit                          0x0800047b   Thumb Code    16  stm32f10x_gpio.o(.text)
    GPIO_ReadInputDataBit                    0x0800048b   Thumb Code    18  stm32f10x_gpio.o(.text)
    GPIO_ReadInputData                       0x0800049d   Thumb Code     8  stm32f10x_gpio.o(.text)
    GPIO_ReadOutputDataBit                   0x080004a5   Thumb Code    18  stm32f10x_gpio.o(.text)
    GPIO_ReadOutputData                      0x080004b7   Thumb Code     8  stm32f10x_gpio.o(.text)
    GPIO_SetBits                             0x080004bf   Thumb Code     4  stm32f10x_gpio.o(.text)
    GPIO_ResetBits                           0x080004c3   Thumb Code     4  stm32f10x_gpio.o(.text)
    GPIO_WriteBit                            0x080004c7   Thumb Code    10  stm32f10x_gpio.o(.text)
    GPIO_Write                               0x080004d1   Thumb Code     4  stm32f10x_gpio.o(.text)
    GPIO_PinLockConfig                       0x080004d5   Thumb Code    18  stm32f10x_gpio.o(.text)
    GPIO_EventOutputConfig                   0x080004e7   Thumb Code    26  stm32f10x_gpio.o(.text)
    GPIO_EventOutputCmd                      0x08000501   Thumb Code     6  stm32f10x_gpio.o(.text)
    GPIO_PinRemapConfig                      0x08000507   Thumb Code   138  stm32f10x_gpio.o(.text)
    GPIO_EXTILineConfig                      0x08000591   Thumb Code    66  stm32f10x_gpio.o(.text)
    GPIO_ETH_MediaInterfaceConfig            0x080005d3   Thumb Code     6  stm32f10x_gpio.o(.text)
    RCC_DeInit                               0x08000601   Thumb Code    64  stm32f10x_rcc.o(.text)
    RCC_HSEConfig                            0x08000641   Thumb Code    70  stm32f10x_rcc.o(.text)
    RCC_GetFlagStatus                        0x08000687   Thumb Code    56  stm32f10x_rcc.o(.text)
    RCC_WaitForHSEStartUp                    0x080006bf   Thumb Code    48  stm32f10x_rcc.o(.text)
    RCC_AdjustHSICalibrationValue            0x080006ef   Thumb Code    20  stm32f10x_rcc.o(.text)
    RCC_HSICmd                               0x08000703   Thumb Code     6  stm32f10x_rcc.o(.text)
    RCC_PLLConfig                            0x08000709   Thumb Code    24  stm32f10x_rcc.o(.text)
    RCC_PLLCmd                               0x08000721   Thumb Code     6  stm32f10x_rcc.o(.text)
    RCC_SYSCLKConfig                         0x08000727   Thumb Code    18  stm32f10x_rcc.o(.text)
    RCC_GetSYSCLKSource                      0x08000739   Thumb Code    10  stm32f10x_rcc.o(.text)
    RCC_HCLKConfig                           0x08000743   Thumb Code    18  stm32f10x_rcc.o(.text)
    RCC_PCLK1Config                          0x08000755   Thumb Code    18  stm32f10x_rcc.o(.text)
    RCC_PCLK2Config                          0x08000767   Thumb Code    20  stm32f10x_rcc.o(.text)
    RCC_ITConfig                             0x0800077b   Thumb Code    26  stm32f10x_rcc.o(.text)
    RCC_USBCLKConfig                         0x08000795   Thumb Code     6  stm32f10x_rcc.o(.text)
    RCC_ADCCLKConfig                         0x0800079b   Thumb Code    18  stm32f10x_rcc.o(.text)
    RCC_LSEConfig                            0x080007ad   Thumb Code    44  stm32f10x_rcc.o(.text)
    RCC_LSICmd                               0x080007d9   Thumb Code     6  stm32f10x_rcc.o(.text)
    RCC_RTCCLKConfig                         0x080007df   Thumb Code    12  stm32f10x_rcc.o(.text)
    RCC_RTCCLKCmd                            0x080007eb   Thumb Code     8  stm32f10x_rcc.o(.text)
    RCC_GetClocksFreq                        0x080007f3   Thumb Code   192  stm32f10x_rcc.o(.text)
    RCC_AHBPeriphClockCmd                    0x080008b3   Thumb Code    26  stm32f10x_rcc.o(.text)
    RCC_APB2PeriphClockCmd                   0x080008cd   Thumb Code    26  stm32f10x_rcc.o(.text)
    RCC_APB1PeriphClockCmd                   0x080008e7   Thumb Code    26  stm32f10x_rcc.o(.text)
    RCC_APB2PeriphResetCmd                   0x08000901   Thumb Code    26  stm32f10x_rcc.o(.text)
    RCC_APB1PeriphResetCmd                   0x0800091b   Thumb Code    26  stm32f10x_rcc.o(.text)
    RCC_BackupResetCmd                       0x08000935   Thumb Code     8  stm32f10x_rcc.o(.text)
    RCC_ClockSecuritySystemCmd               0x0800093d   Thumb Code     6  stm32f10x_rcc.o(.text)
    RCC_MCOConfig                            0x08000943   Thumb Code     6  stm32f10x_rcc.o(.text)
    RCC_ClearFlag                            0x08000949   Thumb Code    14  stm32f10x_rcc.o(.text)
    RCC_GetITStatus                          0x08000957   Thumb Code    20  stm32f10x_rcc.o(.text)
    RCC_ClearITPendingBit                    0x0800096b   Thumb Code     6  stm32f10x_rcc.o(.text)
    USART_DeInit                             0x0800099d   Thumb Code   134  stm32f10x_usart.o(.text)
    USART_Init                               0x08000a23   Thumb Code   210  stm32f10x_usart.o(.text)
    USART_StructInit                         0x08000af5   Thumb Code    24  stm32f10x_usart.o(.text)
    USART_ClockInit                          0x08000b0d   Thumb Code    34  stm32f10x_usart.o(.text)
    USART_ClockStructInit                    0x08000b2f   Thumb Code    12  stm32f10x_usart.o(.text)
    USART_Cmd                                0x08000b3b   Thumb Code    24  stm32f10x_usart.o(.text)
    USART_ITConfig                           0x08000b53   Thumb Code    74  stm32f10x_usart.o(.text)
    USART_DMACmd                             0x08000b9d   Thumb Code    18  stm32f10x_usart.o(.text)
    USART_SetAddress                         0x08000baf   Thumb Code    18  stm32f10x_usart.o(.text)
    USART_WakeUpConfig                       0x08000bc1   Thumb Code    18  stm32f10x_usart.o(.text)
    USART_ReceiverWakeUpCmd                  0x08000bd3   Thumb Code    24  stm32f10x_usart.o(.text)
    USART_LINBreakDetectLengthConfig         0x08000beb   Thumb Code    18  stm32f10x_usart.o(.text)
    USART_LINCmd                             0x08000bfd   Thumb Code    24  stm32f10x_usart.o(.text)
    USART_SendData                           0x08000c15   Thumb Code     8  stm32f10x_usart.o(.text)
    USART_ReceiveData                        0x08000c1d   Thumb Code    10  stm32f10x_usart.o(.text)
    USART_SendBreak                          0x08000c27   Thumb Code    10  stm32f10x_usart.o(.text)
    USART_SetGuardTime                       0x08000c31   Thumb Code    16  stm32f10x_usart.o(.text)
    USART_SetPrescaler                       0x08000c41   Thumb Code    16  stm32f10x_usart.o(.text)
    USART_SmartCardCmd                       0x08000c51   Thumb Code    24  stm32f10x_usart.o(.text)
    USART_SmartCardNACKCmd                   0x08000c69   Thumb Code    24  stm32f10x_usart.o(.text)
    USART_HalfDuplexCmd                      0x08000c81   Thumb Code    24  stm32f10x_usart.o(.text)
    USART_OverSampling8Cmd                   0x08000c99   Thumb Code    22  stm32f10x_usart.o(.text)
    USART_OneBitMethodCmd                    0x08000caf   Thumb Code    24  stm32f10x_usart.o(.text)
    USART_IrDAConfig                         0x08000cc7   Thumb Code    18  stm32f10x_usart.o(.text)
    USART_IrDACmd                            0x08000cd9   Thumb Code    24  stm32f10x_usart.o(.text)
    USART_GetFlagStatus                      0x08000cf1   Thumb Code    26  stm32f10x_usart.o(.text)
    USART_ClearFlag                          0x08000d0b   Thumb Code    18  stm32f10x_usart.o(.text)
    USART_GetITStatus                        0x08000d1d   Thumb Code    84  stm32f10x_usart.o(.text)
    USART_ClearITPendingBit                  0x08000d71   Thumb Code    52  stm32f10x_usart.o(.text)
    TIM_DeInit                               0x08000da5   Thumb Code   424  stm32f10x_tim.o(.text)
    TIM_TimeBaseInit                         0x08000f4d   Thumb Code   122  stm32f10x_tim.o(.text)
    TIM_OC1Init                              0x08000fc7   Thumb Code   132  stm32f10x_tim.o(.text)
    TIM_OC2Init                              0x0800104b   Thumb Code   154  stm32f10x_tim.o(.text)
    TIM_OC3Init                              0x080010e5   Thumb Code   150  stm32f10x_tim.o(.text)
    TIM_OC4Init                              0x0800117b   Thumb Code   182  stm32f10x_tim.o(.text)
    TIM_SetIC4Prescaler                      0x08001231   Thumb Code    26  stm32f10x_tim.o(.text)
    TIM_SetIC3Prescaler                      0x080012cd   Thumb Code    18  stm32f10x_tim.o(.text)
    TIM_SetIC2Prescaler                      0x08001359   Thumb Code    26  stm32f10x_tim.o(.text)
    TIM_SetIC1Prescaler                      0x080013f5   Thumb Code    18  stm32f10x_tim.o(.text)
    TIM_ICInit                               0x08001473   Thumb Code   150  stm32f10x_tim.o(.text)
    TIM_PWMIConfig                           0x08001509   Thumb Code   124  stm32f10x_tim.o(.text)
    TIM_BDTRConfig                           0x08001585   Thumb Code    32  stm32f10x_tim.o(.text)
    TIM_TimeBaseStructInit                   0x080015a5   Thumb Code    18  stm32f10x_tim.o(.text)
    TIM_OCStructInit                         0x080015b7   Thumb Code    20  stm32f10x_tim.o(.text)
    TIM_ICStructInit                         0x080015cb   Thumb Code    18  stm32f10x_tim.o(.text)
    TIM_BDTRStructInit                       0x080015dd   Thumb Code    40  stm32f10x_tim.o(.text)
    TIM_Cmd                                  0x08001605   Thumb Code    24  stm32f10x_tim.o(.text)
    TIM_CtrlPWMOutputs                       0x0800161d   Thumb Code    30  stm32f10x_tim.o(.text)
    TIM_ITConfig                             0x0800163b   Thumb Code    18  stm32f10x_tim.o(.text)
    TIM_GenerateEvent                        0x0800164d   Thumb Code     4  stm32f10x_tim.o(.text)
    TIM_DMAConfig                            0x08001651   Thumb Code    10  stm32f10x_tim.o(.text)
    TIM_DMACmd                               0x0800165b   Thumb Code    18  stm32f10x_tim.o(.text)
    TIM_InternalClockConfig                  0x0800166d   Thumb Code    12  stm32f10x_tim.o(.text)
    TIM_SelectInputTrigger                   0x08001679   Thumb Code    18  stm32f10x_tim.o(.text)
    TIM_ITRxExternalClockConfig              0x0800168b   Thumb Code    24  stm32f10x_tim.o(.text)
    TIM_TIxExternalClockConfig               0x080016a3   Thumb Code    62  stm32f10x_tim.o(.text)
    TIM_ETRConfig                            0x080016e1   Thumb Code    28  stm32f10x_tim.o(.text)
    TIM_ETRClockMode1Config                  0x080016fd   Thumb Code    54  stm32f10x_tim.o(.text)
    TIM_ETRClockMode2Config                  0x08001733   Thumb Code    32  stm32f10x_tim.o(.text)
    TIM_PrescalerConfig                      0x08001753   Thumb Code     6  stm32f10x_tim.o(.text)
    TIM_CounterModeConfig                    0x08001759   Thumb Code    18  stm32f10x_tim.o(.text)
    TIM_EncoderInterfaceConfig               0x0800176b   Thumb Code    66  stm32f10x_tim.o(.text)
    TIM_ForcedOC1Config                      0x080017ad   Thumb Code    18  stm32f10x_tim.o(.text)
    TIM_ForcedOC2Config                      0x080017bf   Thumb Code    26  stm32f10x_tim.o(.text)
    TIM_ForcedOC3Config                      0x080017d9   Thumb Code    18  stm32f10x_tim.o(.text)
    TIM_ForcedOC4Config                      0x080017eb   Thumb Code    26  stm32f10x_tim.o(.text)
    TIM_ARRPreloadConfig                     0x08001805   Thumb Code    24  stm32f10x_tim.o(.text)
    TIM_SelectCOM                            0x0800181d   Thumb Code    24  stm32f10x_tim.o(.text)
    TIM_SelectCCDMA                          0x08001835   Thumb Code    24  stm32f10x_tim.o(.text)
    TIM_CCPreloadControl                     0x0800184d   Thumb Code    24  stm32f10x_tim.o(.text)
    TIM_OC1PreloadConfig                     0x08001865   Thumb Code    18  stm32f10x_tim.o(.text)
    TIM_OC2PreloadConfig                     0x08001877   Thumb Code    26  stm32f10x_tim.o(.text)
    TIM_OC3PreloadConfig                     0x08001891   Thumb Code    18  stm32f10x_tim.o(.text)
    TIM_OC4PreloadConfig                     0x080018a3   Thumb Code    26  stm32f10x_tim.o(.text)
    TIM_OC1FastConfig                        0x080018bd   Thumb Code    18  stm32f10x_tim.o(.text)
    TIM_OC2FastConfig                        0x080018cf   Thumb Code    26  stm32f10x_tim.o(.text)
    TIM_OC3FastConfig                        0x080018e9   Thumb Code    18  stm32f10x_tim.o(.text)
    TIM_OC4FastConfig                        0x080018fb   Thumb Code    26  stm32f10x_tim.o(.text)
    TIM_ClearOC1Ref                          0x08001915   Thumb Code    18  stm32f10x_tim.o(.text)
    TIM_ClearOC2Ref                          0x08001927   Thumb Code    24  stm32f10x_tim.o(.text)
    TIM_ClearOC3Ref                          0x0800193f   Thumb Code    18  stm32f10x_tim.o(.text)
    TIM_ClearOC4Ref                          0x08001951   Thumb Code    24  stm32f10x_tim.o(.text)
    TIM_OC1PolarityConfig                    0x08001969   Thumb Code    18  stm32f10x_tim.o(.text)
    TIM_OC1NPolarityConfig                   0x0800197b   Thumb Code    18  stm32f10x_tim.o(.text)
    TIM_OC2PolarityConfig                    0x0800198d   Thumb Code    26  stm32f10x_tim.o(.text)
    TIM_OC2NPolarityConfig                   0x080019a7   Thumb Code    26  stm32f10x_tim.o(.text)
    TIM_OC3PolarityConfig                    0x080019c1   Thumb Code    26  stm32f10x_tim.o(.text)
    TIM_OC3NPolarityConfig                   0x080019db   Thumb Code    26  stm32f10x_tim.o(.text)
    TIM_OC4PolarityConfig                    0x080019f5   Thumb Code    26  stm32f10x_tim.o(.text)
    TIM_CCxCmd                               0x08001a0f   Thumb Code    30  stm32f10x_tim.o(.text)
    TIM_CCxNCmd                              0x08001a2d   Thumb Code    30  stm32f10x_tim.o(.text)
    TIM_SelectOCxM                           0x08001a4b   Thumb Code    82  stm32f10x_tim.o(.text)
    TIM_UpdateDisableConfig                  0x08001a9d   Thumb Code    24  stm32f10x_tim.o(.text)
    TIM_UpdateRequestConfig                  0x08001ab5   Thumb Code    24  stm32f10x_tim.o(.text)
    TIM_SelectHallSensor                     0x08001acd   Thumb Code    24  stm32f10x_tim.o(.text)
    TIM_SelectOnePulseMode                   0x08001ae5   Thumb Code    18  stm32f10x_tim.o(.text)
    TIM_SelectOutputTrigger                  0x08001af7   Thumb Code    18  stm32f10x_tim.o(.text)
    TIM_SelectSlaveMode                      0x08001b09   Thumb Code    18  stm32f10x_tim.o(.text)
    TIM_SelectMasterSlaveMode                0x08001b1b   Thumb Code    18  stm32f10x_tim.o(.text)
    TIM_SetCounter                           0x08001b2d   Thumb Code     4  stm32f10x_tim.o(.text)
    TIM_SetAutoreload                        0x08001b31   Thumb Code     4  stm32f10x_tim.o(.text)
    TIM_SetCompare1                          0x08001b35   Thumb Code     4  stm32f10x_tim.o(.text)
    TIM_SetCompare2                          0x08001b39   Thumb Code     4  stm32f10x_tim.o(.text)
    TIM_SetCompare3                          0x08001b3d   Thumb Code     4  stm32f10x_tim.o(.text)
    TIM_SetCompare4                          0x08001b41   Thumb Code     6  stm32f10x_tim.o(.text)
    TIM_SetClockDivision                     0x08001b47   Thumb Code    18  stm32f10x_tim.o(.text)
    TIM_GetCapture1                          0x08001b59   Thumb Code     6  stm32f10x_tim.o(.text)
    TIM_GetCapture2                          0x08001b5f   Thumb Code     6  stm32f10x_tim.o(.text)
    TIM_GetCapture3                          0x08001b65   Thumb Code     6  stm32f10x_tim.o(.text)
    TIM_GetCapture4                          0x08001b6b   Thumb Code     8  stm32f10x_tim.o(.text)
    TIM_GetCounter                           0x08001b73   Thumb Code     6  stm32f10x_tim.o(.text)
    TIM_GetPrescaler                         0x08001b79   Thumb Code     6  stm32f10x_tim.o(.text)
    TIM_GetFlagStatus                        0x08001b7f   Thumb Code    18  stm32f10x_tim.o(.text)
    TIM_ClearFlag                            0x08001b91   Thumb Code     6  stm32f10x_tim.o(.text)
    TIM_GetITStatus                          0x08001b97   Thumb Code    34  stm32f10x_tim.o(.text)
    TIM_ClearITPendingBit                    0x08001bb9   Thumb Code     6  stm32f10x_tim.o(.text)
    ADC_DeInit                               0x08001bc1   Thumb Code    78  stm32f10x_adc.o(.text)
    ADC_Init                                 0x08001c0f   Thumb Code    70  stm32f10x_adc.o(.text)
    ADC_StructInit                           0x08001c55   Thumb Code    18  stm32f10x_adc.o(.text)
    ADC_Cmd                                  0x08001c67   Thumb Code    22  stm32f10x_adc.o(.text)
    ADC_DMACmd                               0x08001c7d   Thumb Code    22  stm32f10x_adc.o(.text)
    ADC_ITConfig                             0x08001c93   Thumb Code    24  stm32f10x_adc.o(.text)
    ADC_ResetCalibration                     0x08001cab   Thumb Code    10  stm32f10x_adc.o(.text)
    ADC_GetResetCalibrationStatus            0x08001cb5   Thumb Code    20  stm32f10x_adc.o(.text)
    ADC_StartCalibration                     0x08001cc9   Thumb Code    10  stm32f10x_adc.o(.text)
    ADC_GetCalibrationStatus                 0x08001cd3   Thumb Code    20  stm32f10x_adc.o(.text)
    ADC_SoftwareStartConvCmd                 0x08001ce7   Thumb Code    22  stm32f10x_adc.o(.text)
    ADC_GetSoftwareStartConvStatus           0x08001cfd   Thumb Code    20  stm32f10x_adc.o(.text)
    ADC_DiscModeChannelCountConfig           0x08001d11   Thumb Code    24  stm32f10x_adc.o(.text)
    ADC_DiscModeCmd                          0x08001d29   Thumb Code    22  stm32f10x_adc.o(.text)
    ADC_RegularChannelConfig                 0x08001d3f   Thumb Code   184  stm32f10x_adc.o(.text)
    ADC_ExternalTrigConvCmd                  0x08001df7   Thumb Code    22  stm32f10x_adc.o(.text)
    ADC_GetConversionValue                   0x08001e0d   Thumb Code     8  stm32f10x_adc.o(.text)
    ADC_GetDualModeConversionValue           0x08001e15   Thumb Code     8  stm32f10x_adc.o(.text)
    ADC_AutoInjectedConvCmd                  0x08001e1d   Thumb Code    22  stm32f10x_adc.o(.text)
    ADC_InjectedDiscModeCmd                  0x08001e33   Thumb Code    22  stm32f10x_adc.o(.text)
    ADC_ExternalTrigInjectedConvConfig       0x08001e49   Thumb Code    16  stm32f10x_adc.o(.text)
    ADC_ExternalTrigInjectedConvCmd          0x08001e59   Thumb Code    22  stm32f10x_adc.o(.text)
    ADC_SoftwareStartInjectedConvCmd         0x08001e6f   Thumb Code    22  stm32f10x_adc.o(.text)
    ADC_GetSoftwareStartInjectedConvCmdStatus 0x08001e85   Thumb Code    20  stm32f10x_adc.o(.text)
    ADC_InjectedChannelConfig                0x08001e99   Thumb Code   130  stm32f10x_adc.o(.text)
    ADC_InjectedSequencerLengthConfig        0x08001f1b   Thumb Code    24  stm32f10x_adc.o(.text)
    ADC_SetInjectedOffset                    0x08001f33   Thumb Code    12  stm32f10x_adc.o(.text)
    ADC_GetInjectedConversionValue           0x08001f3f   Thumb Code    18  stm32f10x_adc.o(.text)
    ADC_AnalogWatchdogCmd                    0x08001f51   Thumb Code    16  stm32f10x_adc.o(.text)
    ADC_AnalogWatchdogThresholdsConfig       0x08001f61   Thumb Code     6  stm32f10x_adc.o(.text)
    ADC_AnalogWatchdogSingleChannelConfig    0x08001f67   Thumb Code    16  stm32f10x_adc.o(.text)
    ADC_TempSensorVrefintCmd                 0x08001f77   Thumb Code    38  stm32f10x_adc.o(.text)
    ADC_GetFlagStatus                        0x08001f9d   Thumb Code    44  stm32f10x_adc.o(.text)
    ADC_ClearFlag                            0x08001fc9   Thumb Code     6  stm32f10x_adc.o(.text)
    ADC_GetITStatus                          0x08001fcf   Thumb Code    36  stm32f10x_adc.o(.text)
    ADC_ClearITPendingBit                    0x08001ff3   Thumb Code    10  stm32f10x_adc.o(.text)
    CAN_DeInit                               0x08001ffd   Thumb Code    50  stm32f10x_can.o(.text)
    CAN_Init                                 0x0800202f   Thumb Code   276  stm32f10x_can.o(.text)
    CAN_FilterInit                           0x08002143   Thumb Code   258  stm32f10x_can.o(.text)
    CAN_StructInit                           0x08002245   Thumb Code    32  stm32f10x_can.o(.text)
    CAN_SlaveStartBank                       0x08002265   Thumb Code    48  stm32f10x_can.o(.text)
    CAN_DBGFreeze                            0x08002295   Thumb Code    22  stm32f10x_can.o(.text)
    CAN_TTComModeCmd                         0x080022ab   Thumb Code   118  stm32f10x_can.o(.text)
    CAN_Transmit                             0x08002321   Thumb Code   304  stm32f10x_can.o(.text)
    CAN_TransmitStatus                       0x08002451   Thumb Code   138  stm32f10x_can.o(.text)
    CAN_CancelTransmit                       0x080024db   Thumb Code    48  stm32f10x_can.o(.text)
    CAN_Receive                              0x0800250b   Thumb Code   240  stm32f10x_can.o(.text)
    CAN_FIFORelease                          0x080025fb   Thumb Code    22  stm32f10x_can.o(.text)
    CAN_MessagePending                       0x08002611   Thumb Code    30  stm32f10x_can.o(.text)
    CAN_OperatingModeRequest                 0x0800262f   Thumb Code   162  stm32f10x_can.o(.text)
    CAN_Sleep                                0x080026d1   Thumb Code    30  stm32f10x_can.o(.text)
    CAN_WakeUp                               0x080026ef   Thumb Code    48  stm32f10x_can.o(.text)
    CAN_GetLastErrorCode                     0x0800271f   Thumb Code    12  stm32f10x_can.o(.text)
    CAN_GetReceiveErrorCounter               0x0800272b   Thumb Code    10  stm32f10x_can.o(.text)
    CAN_GetLSBTransmitErrorCounter           0x08002735   Thumb Code    12  stm32f10x_can.o(.text)
    CAN_ITConfig                             0x08002741   Thumb Code    18  stm32f10x_can.o(.text)
    CAN_GetFlagStatus                        0x08002753   Thumb Code   120  stm32f10x_can.o(.text)
    CAN_ClearFlag                            0x080027cb   Thumb Code    52  stm32f10x_can.o(.text)
    CAN_GetITStatus                          0x0800280f   Thumb Code   308  stm32f10x_can.o(.text)
    CAN_ClearITPendingBit                    0x08002943   Thumb Code   162  stm32f10x_can.o(.text)
    DMA_DeInit                               0x080029e9   Thumb Code   324  stm32f10x_dma.o(.text)
    DMA_Init                                 0x08002b2d   Thumb Code    60  stm32f10x_dma.o(.text)
    DMA_StructInit                           0x08002b69   Thumb Code    26  stm32f10x_dma.o(.text)
    DMA_Cmd                                  0x08002b83   Thumb Code    24  stm32f10x_dma.o(.text)
    DMA_ITConfig                             0x08002b9b   Thumb Code    18  stm32f10x_dma.o(.text)
    DMA_SetCurrDataCounter                   0x08002bad   Thumb Code     4  stm32f10x_dma.o(.text)
    DMA_GetCurrDataCounter                   0x08002bb1   Thumb Code     8  stm32f10x_dma.o(.text)
    DMA_GetFlagStatus                        0x08002bb9   Thumb Code    38  stm32f10x_dma.o(.text)
    DMA_ClearFlag                            0x08002bdf   Thumb Code    22  stm32f10x_dma.o(.text)
    DMA_GetITStatus                          0x08002bf5   Thumb Code    38  stm32f10x_dma.o(.text)
    DMA_ClearITPendingBit                    0x08002c1b   Thumb Code    22  stm32f10x_dma.o(.text)
    FLASH_SetLatency                         0x08002c39   Thumb Code    18  stm32f10x_flash.o(.text)
    FLASH_HalfCycleAccessCmd                 0x08002c4b   Thumb Code    22  stm32f10x_flash.o(.text)
    FLASH_PrefetchBufferCmd                  0x08002c61   Thumb Code    22  stm32f10x_flash.o(.text)
    FLASH_Unlock                             0x08002c77   Thumb Code    12  stm32f10x_flash.o(.text)
    FLASH_UnlockBank1                        0x08002c83   Thumb Code    12  stm32f10x_flash.o(.text)
    FLASH_Lock                               0x08002c8f   Thumb Code    14  stm32f10x_flash.o(.text)
    FLASH_LockBank1                          0x08002c9d   Thumb Code    14  stm32f10x_flash.o(.text)
    FLASH_GetBank1Status                     0x08002cab   Thumb Code    48  stm32f10x_flash.o(.text)
    FLASH_WaitForLastOperation               0x08002cdb   Thumb Code    38  stm32f10x_flash.o(.text)
    FLASH_ErasePage                          0x08002d01   Thumb Code    72  stm32f10x_flash.o(.text)
    FLASH_EraseAllPages                      0x08002d49   Thumb Code    68  stm32f10x_flash.o(.text)
    FLASH_WaitForLastBank1Operation          0x08002d8d   Thumb Code    38  stm32f10x_flash.o(.text)
    FLASH_EraseAllBank1Pages                 0x08002db3   Thumb Code    68  stm32f10x_flash.o(.text)
    FLASH_GetReadOutProtectionStatus         0x08002df7   Thumb Code    20  stm32f10x_flash.o(.text)
    FLASH_EraseOptionBytes                   0x08002e0b   Thumb Code   150  stm32f10x_flash.o(.text)
    FLASH_ProgramWord                        0x08002ea1   Thumb Code    96  stm32f10x_flash.o(.text)
    FLASH_ProgramHalfWord                    0x08002f01   Thumb Code    60  stm32f10x_flash.o(.text)
    FLASH_ProgramOptionByteData              0x08002f3d   Thumb Code    72  stm32f10x_flash.o(.text)
    FLASH_EnableWriteProtection              0x08002f85   Thumb Code   200  stm32f10x_flash.o(.text)
    FLASH_ReadOutProtection                  0x0800304d   Thumb Code   156  stm32f10x_flash.o(.text)
    FLASH_UserOptionByteConfig               0x080030e9   Thumb Code    88  stm32f10x_flash.o(.text)
    FLASH_GetUserOptionByte                  0x08003141   Thumb Code     8  stm32f10x_flash.o(.text)
    FLASH_GetWriteProtectionOptionByte       0x08003149   Thumb Code     6  stm32f10x_flash.o(.text)
    FLASH_GetPrefetchBufferStatus            0x0800314f   Thumb Code    20  stm32f10x_flash.o(.text)
    FLASH_ITConfig                           0x08003163   Thumb Code    26  stm32f10x_flash.o(.text)
    FLASH_GetFlagStatus                      0x0800317d   Thumb Code    42  stm32f10x_flash.o(.text)
    FLASH_ClearFlag                          0x080031a7   Thumb Code     6  stm32f10x_flash.o(.text)
    FLASH_GetStatus                          0x080031ad   Thumb Code    48  stm32f10x_flash.o(.text)
    Reset_Handler                            0x080031ed   Thumb Code     8  startup_stm32f10x_hd.o(.text)
    SysTick_Handler                          0x08003205   Thumb Code     2  startup_stm32f10x_hd.o(.text)
    ADC1_2_IRQHandler                        0x08003207   Thumb Code     0  startup_stm32f10x_hd.o(.text)
    ADC3_IRQHandler                          0x08003207   Thumb Code     0  startup_stm32f10x_hd.o(.text)
    CAN1_RX1_IRQHandler                      0x08003207   Thumb Code     0  startup_stm32f10x_hd.o(.text)
    CAN1_SCE_IRQHandler                      0x08003207   Thumb Code     0  startup_stm32f10x_hd.o(.text)
    DMA1_Channel1_IRQHandler                 0x08003207   Thumb Code     0  startup_stm32f10x_hd.o(.text)
    DMA1_Channel2_IRQHandler                 0x08003207   Thumb Code     0  startup_stm32f10x_hd.o(.text)
    DMA1_Channel3_IRQHandler                 0x08003207   Thumb Code     0  startup_stm32f10x_hd.o(.text)
    DMA1_Channel4_IRQHandler                 0x08003207   Thumb Code     0  startup_stm32f10x_hd.o(.text)
    DMA1_Channel5_IRQHandler                 0x08003207   Thumb Code     0  startup_stm32f10x_hd.o(.text)
    DMA1_Channel6_IRQHandler                 0x08003207   Thumb Code     0  startup_stm32f10x_hd.o(.text)
    DMA1_Channel7_IRQHandler                 0x08003207   Thumb Code     0  startup_stm32f10x_hd.o(.text)
    DMA2_Channel1_IRQHandler                 0x08003207   Thumb Code     0  startup_stm32f10x_hd.o(.text)
    DMA2_Channel2_IRQHandler                 0x08003207   Thumb Code     0  startup_stm32f10x_hd.o(.text)
    DMA2_Channel3_IRQHandler                 0x08003207   Thumb Code     0  startup_stm32f10x_hd.o(.text)
    DMA2_Channel4_5_IRQHandler               0x08003207   Thumb Code     0  startup_stm32f10x_hd.o(.text)
    EXTI0_IRQHandler                         0x08003207   Thumb Code     0  startup_stm32f10x_hd.o(.text)
    EXTI15_10_IRQHandler                     0x08003207   Thumb Code     0  startup_stm32f10x_hd.o(.text)
    EXTI1_IRQHandler                         0x08003207   Thumb Code     0  startup_stm32f10x_hd.o(.text)
    EXTI2_IRQHandler                         0x08003207   Thumb Code     0  startup_stm32f10x_hd.o(.text)
    EXTI3_IRQHandler                         0x08003207   Thumb Code     0  startup_stm32f10x_hd.o(.text)
    EXTI4_IRQHandler                         0x08003207   Thumb Code     0  startup_stm32f10x_hd.o(.text)
    EXTI9_5_IRQHandler                       0x08003207   Thumb Code     0  startup_stm32f10x_hd.o(.text)
    FLASH_IRQHandler                         0x08003207   Thumb Code     0  startup_stm32f10x_hd.o(.text)
    FSMC_IRQHandler                          0x08003207   Thumb Code     0  startup_stm32f10x_hd.o(.text)
    I2C1_ER_IRQHandler                       0x08003207   Thumb Code     0  startup_stm32f10x_hd.o(.text)
    I2C1_EV_IRQHandler                       0x08003207   Thumb Code     0  startup_stm32f10x_hd.o(.text)
    I2C2_ER_IRQHandler                       0x08003207   Thumb Code     0  startup_stm32f10x_hd.o(.text)
    I2C2_EV_IRQHandler                       0x08003207   Thumb Code     0  startup_stm32f10x_hd.o(.text)
    PVD_IRQHandler                           0x08003207   Thumb Code     0  startup_stm32f10x_hd.o(.text)
    RCC_IRQHandler                           0x08003207   Thumb Code     0  startup_stm32f10x_hd.o(.text)
    RTCAlarm_IRQHandler                      0x08003207   Thumb Code     0  startup_stm32f10x_hd.o(.text)
    RTC_IRQHandler                           0x08003207   Thumb Code     0  startup_stm32f10x_hd.o(.text)
    SDIO_IRQHandler                          0x08003207   Thumb Code     0  startup_stm32f10x_hd.o(.text)
    SPI1_IRQHandler                          0x08003207   Thumb Code     0  startup_stm32f10x_hd.o(.text)
    SPI2_IRQHandler                          0x08003207   Thumb Code     0  startup_stm32f10x_hd.o(.text)
    SPI3_IRQHandler                          0x08003207   Thumb Code     0  startup_stm32f10x_hd.o(.text)
    TAMPER_IRQHandler                        0x08003207   Thumb Code     0  startup_stm32f10x_hd.o(.text)
    TIM1_BRK_IRQHandler                      0x08003207   Thumb Code     0  startup_stm32f10x_hd.o(.text)
    TIM1_CC_IRQHandler                       0x08003207   Thumb Code     0  startup_stm32f10x_hd.o(.text)
    TIM1_TRG_COM_IRQHandler                  0x08003207   Thumb Code     0  startup_stm32f10x_hd.o(.text)
    TIM2_IRQHandler                          0x08003207   Thumb Code     0  startup_stm32f10x_hd.o(.text)
    TIM3_IRQHandler                          0x08003207   Thumb Code     0  startup_stm32f10x_hd.o(.text)
    TIM4_IRQHandler                          0x08003207   Thumb Code     0  startup_stm32f10x_hd.o(.text)
    TIM5_IRQHandler                          0x08003207   Thumb Code     0  startup_stm32f10x_hd.o(.text)
    TIM6_IRQHandler                          0x08003207   Thumb Code     0  startup_stm32f10x_hd.o(.text)
    TIM7_IRQHandler                          0x08003207   Thumb Code     0  startup_stm32f10x_hd.o(.text)
    TIM8_BRK_IRQHandler                      0x08003207   Thumb Code     0  startup_stm32f10x_hd.o(.text)
    TIM8_CC_IRQHandler                       0x08003207   Thumb Code     0  startup_stm32f10x_hd.o(.text)
    TIM8_TRG_COM_IRQHandler                  0x08003207   Thumb Code     0  startup_stm32f10x_hd.o(.text)
    TIM8_UP_IRQHandler                       0x08003207   Thumb Code     0  startup_stm32f10x_hd.o(.text)
    UART4_IRQHandler                         0x08003207   Thumb Code     0  startup_stm32f10x_hd.o(.text)
    UART5_IRQHandler                         0x08003207   Thumb Code     0  startup_stm32f10x_hd.o(.text)
    USART3_IRQHandler                        0x08003207   Thumb Code     0  startup_stm32f10x_hd.o(.text)
    USBWakeUp_IRQHandler                     0x08003207   Thumb Code     0  startup_stm32f10x_hd.o(.text)
    USB_HP_CAN1_TX_IRQHandler                0x08003207   Thumb Code     0  startup_stm32f10x_hd.o(.text)
    WWDG_IRQHandler                          0x08003207   Thumb Code     0  startup_stm32f10x_hd.o(.text)
    __user_initial_stackheap                 0x08003209   Thumb Code     0  startup_stm32f10x_hd.o(.text)
    Mix_Function_Pro                         0x0800322d   Thumb Code    20  main.o(.text)
    Get_Base_Data                            0x08003241   Thumb Code    20  main.o(.text)
    Sys_Send_Data                            0x08003255   Thumb Code     2  main.o(.text)
    Sys_Rece_Data                            0x08003257   Thumb Code    16  main.o(.text)
    SW_JTAGioConfig                          0x08003267   Thumb Code    20  main.o(.text)
    main                                     0x0800327b   Thumb Code   138  main.o(.text)
    FLASH_Update_Data                        0x08003305   Thumb Code    26  main.o(.text)
    NMI_Handler                              0x08003329   Thumb Code     2  stm32f10x_it.o(.text)
    HardFault_Handler                        0x0800332b   Thumb Code     4  stm32f10x_it.o(.text)
    MemManage_Handler                        0x0800332f   Thumb Code     4  stm32f10x_it.o(.text)
    BusFault_Handler                         0x08003333   Thumb Code     4  stm32f10x_it.o(.text)
    UsageFault_Handler                       0x08003337   Thumb Code     4  stm32f10x_it.o(.text)
    SVC_Handler                              0x0800333b   Thumb Code     2  stm32f10x_it.o(.text)
    DebugMon_Handler                         0x0800333d   Thumb Code     2  stm32f10x_it.o(.text)
    PendSV_Handler                           0x0800333f   Thumb Code     2  stm32f10x_it.o(.text)
    SystemInit                               0x08003409   Thumb Code    78  system_stm32f10x.o(.text)
    SystemCoreClockUpdate                    0x08003457   Thumb Code   142  system_stm32f10x.o(.text)
    Sys_Function_Pro                         0x0800358f   Thumb Code    22  taskfun.o(.text)
    LedRun_Set_Not                           0x080035b5   Thumb Code    16  led.o(.text)
    Led_Run_Cpu                              0x080035c5   Thumb Code    18  led.o(.text)
    LedRun_Set_On                            0x080035d7   Thumb Code     8  led.o(.text)
    LedRun_Set_Off                           0x080035df   Thumb Code     8  led.o(.text)
    LedBuzz_SetPort                          0x080035e7   Thumb Code   138  led.o(.text)
    OutGpio_SetPort                          0x08003671   Thumb Code    60  led.o(.text)
    InGpio_GetPort                           0x080036ad   Thumb Code    52  led.o(.text)
    LEDgpio_test                             0x080036e1   Thumb Code   120  led.o(.text)
    BQ769xx_Wake                             0x08003775   Thumb Code    26  bq769xx.o(.text)
    BQ769xx_Set_CellMap                      0x0800378f   Thumb Code    98  bq769xx.o(.text)
    BQ769xx_Init_Para                        0x080037f1   Thumb Code   190  bq769xx.o(.text)
    LimitMaxMin                              0x080038af   Thumb Code    22  bq769xx.o(.text)
    BQ769xx_Read_Gain                        0x080038c5   Thumb Code   236  bq769xx.o(.text)
    BQ769xx_Write_Config                     0x080039b1   Thumb Code   196  bq769xx.o(.text)
    BQ769xx_Init                             0x08003a75   Thumb Code    40  bq769xx.o(.text)
    BQ769xx_GetData                          0x08003a9d   Thumb Code   454  bq769xx.o(.text)
    BQ769xx_GetConfig                        0x08003c63   Thumb Code    52  bq769xx.o(.text)
    BQ769xx_DSGSET                           0x08003c97   Thumb Code    78  bq769xx.o(.text)
    BQ769xx_CHGSET                           0x08003ce5   Thumb Code    78  bq769xx.o(.text)
    BQ769xx_STATE_GET                        0x08003d33   Thumb Code    26  bq769xx.o(.text)
    BQ769xx_STAT_CLEAR                       0x08003d4d   Thumb Code    52  bq769xx.o(.text)
    Enter_Ship_Mode                          0x08003d81   Thumb Code    98  bq769xx.o(.text)
    BQ769xx_CC_ONESHOT_SET                   0x08003de3   Thumb Code    92  bq769xx.o(.text)
    balan_allocation_grouping                0x08003e3f   Thumb Code    92  bq769xx.o(.text)
    balance_write_regs                       0x08003e9b   Thumb Code   124  bq769xx.o(.text)
    cell_balan_locatget                      0x08003f17   Thumb Code   158  bq769xx.o(.text)
    balance_cell_sys                         0x08003fb5   Thumb Code   472  bq769xx.o(.text)
    Power_Down                               0x0800418d   Thumb Code    22  bq769xx.o(.text)
    BQ769xx_Oper_Comm                        0x080041a3   Thumb Code   124  bq769xx.o(.text)
    BQ769xx_Wake_Comm                        0x0800421f   Thumb Code    98  bq769xx.o(.text)
    DataCRC                                  0x080042cd   Thumb Code    30  configpara.o(.text)
    InitPara0                                0x080042eb   Thumb Code   124  configpara.o(.text)
    WriteAllData                             0x08004367   Thumb Code    16  configpara.o(.text)
    System_Pare_Get                          0x08004377   Thumb Code    96  configpara.o(.text)
    Bms_Can_dbug                             0x080043e5   Thumb Code    60  candata.o(.text)
    Bms_Can_Param                            0x08004421   Thumb Code    48  candata.o(.text)
    Bms_Can_Test                             0x08004451   Thumb Code    92  candata.o(.text)
    Can_Read_Data                            0x080048d1   Thumb Code   110  candata.o(.text)
    Rs485_Send_Test                          0x08004941   Thumb Code    44  rs485data.o(.text)
    Send_BQ769xxConfig_Data                  0x080049e1   Thumb Code   120  rs485data.o(.text)
    Send_BMS_Data                            0x08004a59   Thumb Code   186  rs485data.o(.text)
    Send_GainOffset_Data                     0x08004b13   Thumb Code    46  rs485data.o(.text)
    Rs485_Read_Data                          0x08004b87   Thumb Code    62  rs485data.o(.text)
    queue_msg_init                           0x08004be1   Thumb Code   100  queue_msg.o(.text)
    queue_msg_write                          0x08004c45   Thumb Code   316  queue_msg.o(.text)
    queue_msg_read                           0x08004d81   Thumb Code   294  queue_msg.o(.text)
    Key_Can                                  0x08004ecd   Thumb Code   146  key.o(.text)
    delay_init                               0x08004f6d   Thumb Code    50  delay.o(.text)
    delay_us                                 0x08004f9f   Thumb Code    70  delay.o(.text)
    delay_ms                                 0x08004fe5   Thumb Code    70  delay.o(.text)
    STMFLASH_Read                            0x0800503d   Thumb Code    28  flash.o(.text)
    STMFLASH_Write                           0x08005059   Thumb Code    78  flash.o(.text)
    Init_GPIO_SYS_Power                      0x080050ad   Thumb Code    46  gpio.o(.text)
    Init_GPIO_LED                            0x080050db   Thumb Code   122  gpio.o(.text)
    Init_GPIO_KEY                            0x08005155   Thumb Code    46  gpio.o(.text)
    Init_GPIO_IN0                            0x08005183   Thumb Code    46  gpio.o(.text)
    Init_GPIO_OUT0                           0x080051b1   Thumb Code    44  gpio.o(.text)
    Init_GPIO_ALERT                          0x080051dd   Thumb Code    40  gpio.o(.text)
    Init_GPIO_BQ769xx_Wake                   0x08005205   Thumb Code    46  gpio.o(.text)
    Init_GPIO_ChargeActiva                   0x08005233   Thumb Code    50  gpio.o(.text)
    ChargeActiva_Read_Gpio                   0x08005265   Thumb Code    22  gpio.o(.text)
    Init_GPIO_R485Pwr                        0x0800527b   Thumb Code    50  gpio.o(.text)
    Init_GPIO_R485EN                         0x080052ad   Thumb Code    50  gpio.o(.text)
    Init_GPIO_CanPwr                         0x080052df   Thumb Code    50  gpio.o(.text)
    Init_GPIO_Uart2                          0x08005311   Thumb Code    66  gpio.o(.text)
    Init_GPIO_IIC                            0x08005353   Thumb Code    64  gpio.o(.text)
    Init_GPIO_CAN                            0x08005393   Thumb Code    68  gpio.o(.text)
    Sda_Set_Out_Mode                         0x080053e5   Thumb Code    38  iic.o(.text)
    Sda_Set_In_Mode                          0x0800540b   Thumb Code    38  iic.o(.text)
    IICCheckAck                              0x08005431   Thumb Code    62  iic.o(.text)
    IICSendAck                               0x0800546f   Thumb Code    50  iic.o(.text)
    IICSendNoAck                             0x080054a1   Thumb Code    50  iic.o(.text)
    IICStart                                 0x080054d3   Thumb Code    52  iic.o(.text)
    IICStop                                  0x08005507   Thumb Code    48  iic.o(.text)
    IICSendByte                              0x08005537   Thumb Code    90  iic.o(.text)
    IICReceByte                              0x08005591   Thumb Code    76  iic.o(.text)
    IIC_CRC8Bytes                            0x080055dd   Thumb Code    66  iic.o(.text)
    IIC_WritByte                             0x0800561f   Thumb Code   150  iic.o(.text)
    IIC_ReadByte                             0x080056b5   Thumb Code   194  iic.o(.text)
    IIC_WritByteMore                         0x08005777   Thumb Code   226  iic.o(.text)
    IIC_ReadByteMore                         0x08005859   Thumb Code   302  iic.o(.text)
    NVIC_Configuration                       0x08005987   Thumb Code    12  sys.o(.text)
    Tim1_Init                                0x08005995   Thumb Code   110  timer.o(.text)
    TIM1_UP_IRQHandler                       0x08005a03   Thumb Code    32  timer.o(.text)
    Systim_Time_Run                          0x08005a23   Thumb Code   202  timer.o(.text)
    Clear_flag                               0x08005aed   Thumb Code    20  timer.o(.text)
    Uart1_init                               0x08005b09   Thumb Code   162  usart.o(.text)
    Usart1_Send_BYTE                         0x08005bab   Thumb Code    20  usart.o(.text)
    Uart1_Send_Pack                          0x08005bbf   Thumb Code   182  usart.o(.text)
    USART1_IRQHandler                        0x08005c75   Thumb Code    88  usart.o(.text)
    Uart1Run_Pack                            0x08005ccd   Thumb Code   450  usart.o(.text)
    Uart1DataDropChk                         0x08005e8f   Thumb Code    50  usart.o(.text)
    Uart2_init                               0x08005ec1   Thumb Code   230  usart.o(.text)
    Usart2SendData                           0x08005fa7   Thumb Code    20  usart.o(.text)
    Uart2Send                                0x08005fbb   Thumb Code   154  usart.o(.text)
    USART2_IRQHandler                        0x08006055   Thumb Code    88  usart.o(.text)
    Uart2Run_Pack                            0x080060ad   Thumb Code   456  usart.o(.text)
    Uart2DataDropChk                         0x08006275   Thumb Code    50  usart.o(.text)
    CAN1_Init                                0x08006353   Thumb Code   214  can.o(.text)
    USB_LP_CAN1_RX0_IRQHandler               0x08006467   Thumb Code    36  can.o(.text)
    Can_Receive_Msg                          0x0800648b   Thumb Code    56  can.o(.text)
    Can_Send_Data                            0x080064c3   Thumb Code   144  can.o(.text)
    ADC_Init_Sam                             0x08006565   Thumb Code   194  adc.o(.text)
    DMA_Init_Adc                             0x08006627   Thumb Code    84  adc.o(.text)
    ADC_GetSample                            0x0800667b   Thumb Code     2  adc.o(.text)
    TemChange                                0x0800667d   Thumb Code   302  adc.o(.text)
    __aeabi_memcpy                           0x080067c1   Thumb Code     0  rt_memcpy_v6.o(.text)
    __rt_memcpy                              0x080067c1   Thumb Code   138  rt_memcpy_v6.o(.text)
    _memcpy_lastbytes                        0x08006827   Thumb Code     0  rt_memcpy_v6.o(.text)
    __aeabi_memcpy4                          0x0800684b   Thumb Code     0  rt_memcpy_w.o(.text)
    __aeabi_memcpy8                          0x0800684b   Thumb Code     0  rt_memcpy_w.o(.text)
    __rt_memcpy_w                            0x0800684b   Thumb Code   100  rt_memcpy_w.o(.text)
    _memcpy_lastbytes_aligned                0x08006893   Thumb Code     0  rt_memcpy_w.o(.text)
    __aeabi_memclr4                          0x080068af   Thumb Code     0  rt_memclr_w.o(.text)
    __aeabi_memclr8                          0x080068af   Thumb Code     0  rt_memclr_w.o(.text)
    __rt_memclr_w                            0x080068af   Thumb Code    78  rt_memclr_w.o(.text)
    _memset_w                                0x080068b3   Thumb Code     0  rt_memclr_w.o(.text)
    __use_two_region_memory                  0x080068fd   Thumb Code     2  heapauxi.o(.text)
    __rt_heap_escrow$2region                 0x080068ff   Thumb Code     2  heapauxi.o(.text)
    __rt_heap_expand$2region                 0x08006901   Thumb Code     2  heapauxi.o(.text)
    __user_setup_stackheap                   0x08006903   Thumb Code    74  sys_stackheap_outer.o(.text)
    exit                                     0x0800694d   Thumb Code    12  exit.o(.text)
    __user_libspace                          0x08006959   Thumb Code     8  libspace.o(.text)
    __user_perproc_libspace                  0x08006959   Thumb Code     0  libspace.o(.text)
    __user_perthread_libspace                0x08006959   Thumb Code     0  libspace.o(.text)
    _sys_exit                                0x08006961   Thumb Code     8  sys_exit.o(.text)
    __I$use$semihosting                      0x0800696d   Thumb Code     0  use_no_semi.o(.text)
    __use_no_semihosting_swi                 0x0800696d   Thumb Code     2  use_no_semi.o(.text)
    __semihosting_library_function           0x0800696f   Thumb Code     0  indicate_semi.o(.text)
    Region$$Table$$Base                      0x080069ec   Number         0  anon$$obj.o(Region$$Table)
    Region$$Table$$Limit                     0x08006a0c   Number         0  anon$$obj.o(Region$$Table)
    SystemCoreClock                          0x20000014   Data           4  system_stm32f10x.o(.data)
    AHBPrescTable                            0x20000018   Data          16  system_stm32f10x.o(.data)
    Charge_Activa                            0x2000002a   Data           1  taskfun.o(.data)
    VoltCellOffSet                           0x2000002c   Data           1  bq769xx.o(.data)
    VoltCellGainMV                           0x2000002e   Data           2  bq769xx.o(.data)
    VoltCellGainUV                           0x20000030   Data           4  bq769xx.o(.data)
    BQ769xx_Init_State                       0x20000034   Data           1  bq769xx.o(.data)
    Bq769xx_Wake_EN                          0x20000035   Data           1  bq769xx.o(.data)
    bq769xx_Wake_cont                        0x20000036   Data           1  bq769xx.o(.data)
    Bq769xx_Oper_EN                          0x20000041   Data           1  rs485data.o(.data)
    Bq769xx_Oper_Type                        0x20000042   Data           1  rs485data.o(.data)
    baud_tbs                                 0x2000006a   Data           6  can.o(.data)
    TaskTimePare                             0x20000074   Data          14  main.o(.bss)
    gBMSData                                 0x20000084   Data         164  database.o(.bss)
    Bq769xxReg                               0x20000138   Data          56  bq769xx.o(.bss)
    gBMSConfig                               0x20000170   Data          48  configpara.o(.bss)
    gBMSReadConfig                           0x200001a0   Data          48  configpara.o(.bss)
    KEYPare                                  0x200007d0   Data          18  key.o(.bss)
    TxMessage                                0x20000ce0   Data          20  can.o(.bss)
    __libspace_start                         0x20000d00   Data          96  libspace.o(.bss)
    __temporary_stack_top$libspace           0x20000d60   Data           0  libspace.o(.bss)



==============================================================================

Memory Map of the image

  Image Entry point : 0x08000131

  Load Region LR_IROM1 (Base: 0x08000000, Size: 0x00006a80, Max: 0x00010000, ABSOLUTE)

    Execution Region ER_IROM1 (Base: 0x08000000, Size: 0x00006a0c, Max: 0x00010000, ABSOLUTE)

    Base Addr    Size         Type   Attr      Idx    E Section Name        Object

    0x08000000   0x00000130   Data   RO          368    RESET               startup_stm32f10x_hd.o
    0x08000130   0x00000008   Code   RO          810  * !!!main             c_w.l(__main.o)
    0x08000138   0x00000034   Code   RO          964    !!!scatter          c_w.l(__scatter.o)
    0x0800016c   0x0000001a   Code   RO          966    !!handler_copy      c_w.l(__scatter_copy.o)
    0x08000186   0x00000002   PAD
    0x08000188   0x0000001c   Code   RO          968    !!handler_zi        c_w.l(__scatter_zi.o)
    0x080001a4   0x00000002   Code   RO          837    .ARM.Collect$$libinit$$00000000  c_w.l(libinit.o)
    0x080001a6   0x00000000   Code   RO          844    .ARM.Collect$$libinit$$00000002  c_w.l(libinit2.o)
    0x080001a6   0x00000000   Code   RO          847    .ARM.Collect$$libinit$$00000008  c_w.l(libinit2.o)
    0x080001a6   0x00000000   Code   RO          849    .ARM.Collect$$libinit$$0000000A  c_w.l(libinit2.o)
    0x080001a6   0x00000000   Code   RO          851    .ARM.Collect$$libinit$$0000000C  c_w.l(libinit2.o)
    0x080001a6   0x00000000   Code   RO          854    .ARM.Collect$$libinit$$0000000F  c_w.l(libinit2.o)
    0x080001a6   0x00000000   Code   RO          856    .ARM.Collect$$libinit$$00000011  c_w.l(libinit2.o)
    0x080001a6   0x00000000   Code   RO          858    .ARM.Collect$$libinit$$00000013  c_w.l(libinit2.o)
    0x080001a6   0x00000000   Code   RO          860    .ARM.Collect$$libinit$$00000015  c_w.l(libinit2.o)
    0x080001a6   0x00000000   Code   RO          862    .ARM.Collect$$libinit$$00000017  c_w.l(libinit2.o)
    0x080001a6   0x00000000   Code   RO          864    .ARM.Collect$$libinit$$00000019  c_w.l(libinit2.o)
    0x080001a6   0x00000000   Code   RO          866    .ARM.Collect$$libinit$$0000001B  c_w.l(libinit2.o)
    0x080001a6   0x00000000   Code   RO          868    .ARM.Collect$$libinit$$0000001D  c_w.l(libinit2.o)
    0x080001a6   0x00000000   Code   RO          870    .ARM.Collect$$libinit$$0000001F  c_w.l(libinit2.o)
    0x080001a6   0x00000000   Code   RO          872    .ARM.Collect$$libinit$$00000021  c_w.l(libinit2.o)
    0x080001a6   0x00000000   Code   RO          874    .ARM.Collect$$libinit$$00000023  c_w.l(libinit2.o)
    0x080001a6   0x00000000   Code   RO          878    .ARM.Collect$$libinit$$0000002A  c_w.l(libinit2.o)
    0x080001a6   0x00000000   Code   RO          880    .ARM.Collect$$libinit$$0000002C  c_w.l(libinit2.o)
    0x080001a6   0x00000000   Code   RO          882    .ARM.Collect$$libinit$$0000002E  c_w.l(libinit2.o)
    0x080001a6   0x00000000   Code   RO          884    .ARM.Collect$$libinit$$00000030  c_w.l(libinit2.o)
    0x080001a6   0x00000002   Code   RO          885    .ARM.Collect$$libinit$$00000031  c_w.l(libinit2.o)
    0x080001a8   0x00000002   Code   RO          905    .ARM.Collect$$libshutdown$$00000000  c_w.l(libshutdown.o)
    0x080001aa   0x00000000   Code   RO          919    .ARM.Collect$$libshutdown$$00000003  c_w.l(libshutdown2.o)
    0x080001aa   0x00000000   Code   RO          922    .ARM.Collect$$libshutdown$$00000006  c_w.l(libshutdown2.o)
    0x080001aa   0x00000000   Code   RO          925    .ARM.Collect$$libshutdown$$00000009  c_w.l(libshutdown2.o)
    0x080001aa   0x00000000   Code   RO          927    .ARM.Collect$$libshutdown$$0000000B  c_w.l(libshutdown2.o)
    0x080001aa   0x00000000   Code   RO          930    .ARM.Collect$$libshutdown$$0000000E  c_w.l(libshutdown2.o)
    0x080001aa   0x00000002   Code   RO          931    .ARM.Collect$$libshutdown$$0000000F  c_w.l(libshutdown2.o)
    0x080001ac   0x00000000   Code   RO          812    .ARM.Collect$$rtentry$$00000000  c_w.l(rtentry.o)
    0x080001ac   0x00000000   Code   RO          814    .ARM.Collect$$rtentry$$00000002  c_w.l(rtentry2.o)
    0x080001ac   0x00000006   Code   RO          826    .ARM.Collect$$rtentry$$00000004  c_w.l(rtentry4.o)
    0x080001b2   0x00000000   Code   RO          816    .ARM.Collect$$rtentry$$00000009  c_w.l(rtentry2.o)
    0x080001b2   0x00000004   Code   RO          817    .ARM.Collect$$rtentry$$0000000A  c_w.l(rtentry2.o)
    0x080001b6   0x00000000   Code   RO          819    .ARM.Collect$$rtentry$$0000000C  c_w.l(rtentry2.o)
    0x080001b6   0x00000008   Code   RO          820    .ARM.Collect$$rtentry$$0000000D  c_w.l(rtentry2.o)
    0x080001be   0x00000002   Code   RO          841    .ARM.Collect$$rtexit$$00000000  c_w.l(rtexit.o)
    0x080001c0   0x00000000   Code   RO          887    .ARM.Collect$$rtexit$$00000002  c_w.l(rtexit2.o)
    0x080001c0   0x00000004   Code   RO          888    .ARM.Collect$$rtexit$$00000003  c_w.l(rtexit2.o)
    0x080001c4   0x00000006   Code   RO          889    .ARM.Collect$$rtexit$$00000004  c_w.l(rtexit2.o)
    0x080001ca   0x00000002   PAD
    0x080001cc   0x000000dc   Code   RO            1    .text               misc.o
    0x080002a8   0x00000358   Code   RO          101    .text               stm32f10x_gpio.o
    0x08000600   0x0000039c   Code   RO          113    .text               stm32f10x_rcc.o
    0x0800099c   0x00000408   Code   RO          127    .text               stm32f10x_usart.o
    0x08000da4   0x00000e1a   Code   RO          163    .text               stm32f10x_tim.o
    0x08001bbe   0x00000002   PAD
    0x08001bc0   0x0000043c   Code   RO          175    .text               stm32f10x_adc.o
    0x08001ffc   0x000009ec   Code   RO          199    .text               stm32f10x_can.o
    0x080029e8   0x00000250   Code   RO          247    .text               stm32f10x_dma.o
    0x08002c38   0x000005b4   Code   RO          271    .text               stm32f10x_flash.o
    0x080031ec   0x00000040   Code   RO          369    .text               startup_stm32f10x_hd.o
    0x0800322c   0x000000fc   Code   RO          373    .text               main.o
    0x08003328   0x00000018   Code   RO          451    .text               stm32f10x_it.o
    0x08003340   0x000001c8   Code   RO          466    .text               system_stm32f10x.o
    0x08003508   0x000000ac   Code   RO          484    .text               taskfun.o
    0x080035b4   0x000001c0   Code   RO          519    .text               led.o
    0x08003774   0x00000b58   Code   RO          532    .text               bq769xx.o
    0x080042cc   0x00000118   Code   RO          554    .text               configpara.o
    0x080043e4   0x0000055a   Code   RO          572    .text               candata.o
    0x0800493e   0x00000002   PAD
    0x08004940   0x000002a0   Code   RO          593    .text               rs485data.o
    0x08004be0   0x000002ec   Code   RO          620    .text               queue_msg.o
    0x08004ecc   0x000000a0   Code   RO          643    .text               key.o
    0x08004f6c   0x000000d0   Code   RO          661    .text               delay.o
    0x0800503c   0x00000070   Code   RO          675    .text               flash.o
    0x080050ac   0x00000338   Code   RO          687    .text               gpio.o
    0x080053e4   0x000005a2   Code   RO          699    .text               iic.o
    0x08005986   0x0000000c   Code   RO          714    .text               sys.o
    0x08005992   0x00000002   PAD
    0x08005994   0x00000174   Code   RO          726    .text               timer.o
    0x08005b08   0x000007d4   Code   RO          738    .text               usart.o
    0x080062dc   0x00000288   Code   RO          765    .text               can.o
    0x08006564   0x0000025c   Code   RO          784    .text               adc.o
    0x080067c0   0x0000008a   Code   RO          802    .text               c_w.l(rt_memcpy_v6.o)
    0x0800684a   0x00000064   Code   RO          804    .text               c_w.l(rt_memcpy_w.o)
    0x080068ae   0x0000004e   Code   RO          806    .text               c_w.l(rt_memclr_w.o)
    0x080068fc   0x00000006   Code   RO          808    .text               c_w.l(heapauxi.o)
    0x08006902   0x0000004a   Code   RO          828    .text               c_w.l(sys_stackheap_outer.o)
    0x0800694c   0x0000000c   Code   RO          830    .text               c_w.l(exit.o)
    0x08006958   0x00000008   Code   RO          838    .text               c_w.l(libspace.o)
    0x08006960   0x0000000c   Code   RO          897    .text               c_w.l(sys_exit.o)
    0x0800696c   0x00000002   Code   RO          908    .text               c_w.l(use_no_semi.o)
    0x0800696e   0x00000000   Code   RO          910    .text               c_w.l(indicate_semi.o)
    0x0800696e   0x00000002   PAD
    0x08006970   0x0000007c   Data   RO          786    .constdata          adc.o
    0x080069ec   0x00000020   Data   RO          962    Region$$Table       anon$$obj.o


    Execution Region RW_IRAM1 (Base: 0x20000000, Size: 0x00001360, Max: 0x00005000, ABSOLUTE)

    Base Addr    Size         Type   Attr      Idx    E Section Name        Object

    0x20000000   0x00000014   Data   RW          114    .data               stm32f10x_rcc.o
    0x20000014   0x00000014   Data   RW          467    .data               system_stm32f10x.o
    0x20000028   0x00000003   Data   RW          485    .data               taskfun.o
    0x2000002b   0x00000001   Data   RW          520    .data               led.o
    0x2000002c   0x00000015   Data   RW          534    .data               bq769xx.o
    0x20000041   0x00000002   Data   RW          594    .data               rs485data.o
    0x20000043   0x00000001   PAD
    0x20000044   0x0000000c   Data   RW          622    .data               queue_msg.o
    0x20000050   0x00000004   Data   RW          662    .data               delay.o
    0x20000054   0x00000016   Data   RW          740    .data               usart.o
    0x2000006a   0x00000006   Data   RW          767    .data               can.o
    0x20000070   0x00000001   Data   RW          787    .data               adc.o
    0x20000071   0x00000003   PAD
    0x20000074   0x0000000e   Zero   RW          374    .bss                main.o
    0x20000082   0x00000002   PAD
    0x20000084   0x000000a4   Zero   RW          507    .bss                database.o
    0x20000128   0x00000048   Zero   RW          533    .bss                bq769xx.o
    0x20000170   0x00000060   Zero   RW          555    .bss                configpara.o
    0x200001d0   0x00000600   Zero   RW          621    .bss                queue_msg.o
    0x200007d0   0x00000012   Zero   RW          644    .bss                key.o
    0x200007e2   0x000004fb   Zero   RW          739    .bss                usart.o
    0x20000cdd   0x00000003   PAD
    0x20000ce0   0x00000014   Zero   RW          766    .bss                can.o
    0x20000cf4   0x0000000a   Zero   RW          785    .bss                adc.o
    0x20000cfe   0x00000002   PAD
    0x20000d00   0x00000060   Zero   RW          839    .bss                c_w.l(libspace.o)
    0x20000d60   0x00000200   Zero   RW          367    HEAP                startup_stm32f10x_hd.o
    0x20000f60   0x00000400   Zero   RW          366    STACK               startup_stm32f10x_hd.o


==============================================================================

Image component sizes


      Code (inc. data)   RO Data    RW Data    ZI Data      Debug   Object Name

       604         22        124          1         10       1828   adc.o
      2904        148          0         21         72      13429   bq769xx.o
       648         24          0          6         20       2974   can.o
      1370         48          0          0          0       3876   candata.o
       280         14          0          0         96       2417   configpara.o
         0          0          0          0          0         32   core_cm3.o
         0          0          0          0        164       1967   database.o
       208         18          0          4          0        919   delay.o
       112          6          0          0          0       1171   flash.o
       824         14          0          0          0       3244   gpio.o
      1442         20          0          0          0       5206   iic.o
       160         14          0          0         18       1068   key.o
       448         28          0          1          0       2186   led.o
       252         10          0          0         14       4947   main.o
       220         20          0          0          0     288081   misc.o
       748         62          0         12       1536      17931   queue_msg.o
       672         36          0          2          0       2881   rs485data.o
        64         26        304          0       1536        864   startup_stm32f10x_hd.o
      1084         26          0          0          0      10841   stm32f10x_adc.o
      2540         38          0          0          0       7880   stm32f10x_can.o
       592          8          0          0          0       4354   stm32f10x_dma.o
      1460         32          0          0          0       8038   stm32f10x_flash.o
       856         40          0          0          0       5673   stm32f10x_gpio.o
        24          0          0          0          0       1054   stm32f10x_it.o
       924         44          0         20          0       8820   stm32f10x_rcc.o
      3610         88          0          0          0      22160   stm32f10x_tim.o
      1032         22          0          0          0       8396   stm32f10x_usart.o
        12          0          0          0          0        401   sys.o
       456         36          0         20          0       1659   system_stm32f10x.o
       172         16          0          3          0        783   taskfun.o
       372          8          0          0          0       1110   timer.o
      2004        134          0         22       1275       4692   usart.o

    ----------------------------------------------------------------------
     26100       1002        460        116       4748     440882   Object Totals
         0          0         32          0          0          0   (incl. Generated)
         6          0          0          4          7          0   (incl. Padding)

    ----------------------------------------------------------------------

      Code (inc. data)   RO Data    RW Data    ZI Data      Debug   Library Member Name

         8          0          0          0          0         68   __main.o
        52          8          0          0          0          0   __scatter.o
        26          0          0          0          0          0   __scatter_copy.o
        28          0          0          0          0          0   __scatter_zi.o
        12          0          0          0          0         72   exit.o
         6          0          0          0          0        152   heapauxi.o
         0          0          0          0          0          0   indicate_semi.o
         2          0          0          0          0          0   libinit.o
         2          0          0          0          0          0   libinit2.o
         2          0          0          0          0          0   libshutdown.o
         2          0          0          0          0          0   libshutdown2.o
         8          4          0          0         96         68   libspace.o
        78          0          0          0          0         80   rt_memclr_w.o
       138          0          0          0          0         68   rt_memcpy_v6.o
       100          0          0          0          0         80   rt_memcpy_w.o
         0          0          0          0          0          0   rtentry.o
        12          0          0          0          0          0   rtentry2.o
         6          0          0          0          0          0   rtentry4.o
         2          0          0          0          0          0   rtexit.o
        10          0          0          0          0          0   rtexit2.o
        12          4          0          0          0         68   sys_exit.o
        74          0          0          0          0         80   sys_stackheap_outer.o
         2          0          0          0          0         68   use_no_semi.o

    ----------------------------------------------------------------------
       588         16          0          0         96        804   Library Totals
         6          0          0          0          0          0   (incl. Padding)

    ----------------------------------------------------------------------

      Code (inc. data)   RO Data    RW Data    ZI Data      Debug   Library Name

       582         16          0          0         96        804   c_w.l

    ----------------------------------------------------------------------
       588         16          0          0         96        804   Library Totals

    ----------------------------------------------------------------------

==============================================================================


      Code (inc. data)   RO Data    RW Data    ZI Data      Debug   

     26688       1018        460        116       4844     438566   Grand Totals
     26688       1018        460        116       4844     438566   ELF Image Totals
     26688       1018        460        116          0          0   ROM Totals

==============================================================================

    Total RO  Size (Code + RO Data)                27148 (  26.51kB)
    Total RW  Size (RW Data + ZI Data)              4960 (   4.84kB)
    Total ROM Size (Code + RO Data + RW Data)      27264 (  26.63kB)

==============================================================================

